#
# There is insufficient memory for the Java Runtime Environment to continue.
# Native memory allocation (malloc) failed to allocate 405872 bytes. Error detail: Chunk::new
# Possible reasons:
#   The system is out of physical RAM or swap space
#   This process is running with CompressedOops enabled, and the Java Heap may be blocking the growth of the native heap
# Possible solutions:
#   Reduce memory load on the system
#   Increase physical memory or swap space
#   Check if swap backing store is full
#   Decrease Java heap size (-Xmx/-Xms)
#   Decrease number of Java threads
#   Decrease Java thread stack sizes (-Xss)
#   Set larger code cache with -XX:ReservedCodeCacheSize=
#   JVM is running with Unscaled Compressed Oops mode in which the Java heap is
#     placed in the first 4GB address space. The Java Heap base address is the
#     maximum limit for the native heap growth. Please use -XX:HeapBaseMinAddress
#     to set the Java Heap base and to place the Java Heap above 4GB virtual address.
# This output file may be truncated or incomplete.
#
#  Out of Memory Error (arena.cpp:168), pid=14456, tid=2164
#
# JRE version: OpenJDK Runtime Environment (21.0.7) (build 21.0.7+-13880790-b1038.58)
# Java VM: OpenJDK 64-Bit Server VM (21.0.7+-13880790-b1038.58, mixed mode, tiered, compressed oops, compressed class ptrs, g1 gc, windows-amd64)
# No core dump will be written. Minidumps are not enabled by default on client versions of Windows
#

---------------  S U M M A R Y ------------

Command Line: --add-opens=java.base/java.lang=ALL-UNNAMED --add-opens=java.base/java.lang.invoke=ALL-UNNAMED --add-opens=java.base/java.util=ALL-UNNAMED --add-opens=java.prefs/java.util.prefs=ALL-UNNAMED --add-exports=jdk.compiler/com.sun.tools.javac.api=ALL-UNNAMED --add-exports=jdk.compiler/com.sun.tools.javac.util=ALL-UNNAMED --add-opens=java.base/java.util=ALL-UNNAMED --add-opens=java.prefs/java.util.prefs=ALL-UNNAMED --add-opens=java.base/java.nio.charset=ALL-UNNAMED --add-opens=java.base/java.net=ALL-UNNAMED --add-opens=java.base/java.util.concurrent.atomic=ALL-UNNAMED --add-opens=java.xml/javax.xml.namespace=ALL-UNNAMED -XX:MaxMetaspaceSize=512m -Xmx1536m -Dfile.encoding=UTF-8 -Duser.country=RU -Duser.language=ru -Duser.variant -javaagent:C:\Users\ASUS\.gradle\wrapper\dists\gradle-8.12-bin\cetblhg4pflnnks72fxwobvgv\gradle-8.12\lib\agents\gradle-instrumentation-agent-8.12.jar org.gradle.launcher.daemon.bootstrap.GradleDaemon 8.12

Host: AMD Ryzen 5 4600H with Radeon Graphics         , 12 cores, 7G,  Windows 11 , 64 bit Build 26100 (10.0.26100.4768)
Time: Tue Mar 24 22:37:10 2026  Windows 11 , 64 bit Build 26100 (10.0.26100.4768) elapsed time: 12.394703 seconds (0d 0h 0m 12s)

---------------  T H R E A D  ---------------

Current thread (0x000001de9fb0ea60):  JavaThread "C2 CompilerThread0" daemon [_thread_in_native, id=2164, stack(0x000000dda5600000,0x000000dda5700000) (1024K)]


Current CompileTask:
C2:12394 8661  s    4       sun.nio.fs.WindowsDirectoryStream$WindowsDirectoryIterator::hasNext (35 bytes)

Stack: [0x000000dda5600000,0x000000dda5700000]
Native frames: (J=compiled Java code, j=interpreted, Vv=VM code, C=native code)
V  [jvm.dll+0x6d25c9]
V  [jvm.dll+0x860923]
V  [jvm.dll+0x862e7e]
V  [jvm.dll+0x863563]
V  [jvm.dll+0x27f156]
V  [jvm.dll+0xc002d]
V  [jvm.dll+0xc0563]
V  [jvm.dll+0x3b6d3b]
V  [jvm.dll+0x382c27]
V  [jvm.dll+0x38209a]
V  [jvm.dll+0x247e72]
V  [jvm.dll+0x247441]
V  [jvm.dll+0x1c5fb4]
V  [jvm.dll+0x256bac]
V  [jvm.dll+0x2550f6]
V  [jvm.dll+0x3f1d16]
V  [jvm.dll+0x808d08]
V  [jvm.dll+0x6d0e1d]
C  [ucrtbase.dll+0x37b0]
C  [KERNEL32.DLL+0x2e8d7]
C  [ntdll.dll+0x3c34c]


---------------  P R O C E S S  ---------------

Threads class SMR info:
_java_thread_list=0x000001dea65da940, length=87, elements={
0x000001de887d4d70, 0x000001de9fa9e7c0, 0x000001de9fadb090, 0x000001de9fadd810,
0x000001de9faf62a0, 0x000001de9fb083c0, 0x000001de9fb08a30, 0x000001de9fb090a0,
0x000001de9fb0ea60, 0x000001de9fb0f110, 0x000001de9fdf0b10, 0x000001dea59099f0,
0x000001dea5aa4030, 0x000001dea5c19390, 0x000001dea5c11bf0, 0x000001dea5abd4e0,
0x000001dea5a16350, 0x000001dea5a169c0, 0x000001dea5cdd420, 0x000001dea5cdf4f0,
0x000001dea5cde140, 0x000001dea5cdfb80, 0x000001dea5cdee60, 0x000001dea5ce08a0,
0x000001dea5cddab0, 0x000001dea5cde7d0, 0x000001dea7fc6900, 0x000001dea7fc7cb0,
0x000001dea7fc7620, 0x000001dea7fc8340, 0x000001dea7fc5be0, 0x000001dea7fc6f90,
0x000001dea63385f0, 0x000001dea63399a0, 0x000001dea633a030, 0x000001dea633ad50,
0x000001dea63378d0, 0x000001dea633b3e0, 0x000001dea633ba70, 0x000001dea633c100,
0x000001dea6338c80, 0x000001dea633db40, 0x000001dea633c790, 0x000001dea633eef0,
0x000001dea633ce20, 0x000001dea633d4b0, 0x000001dea633e1d0, 0x000001dea633e860,
0x000001deabc06f50, 0x000001deabc03ad0, 0x000001deabc04e80, 0x000001deabc04160,
0x000001dea6fe2620, 0x000001dea6fe1880, 0x000001deabc06230, 0x000001deabc08300,
0x000001deabc08990, 0x000001deabc05510, 0x000001deabc09020, 0x000001deabc09d40,
0x000001deabc096b0, 0x000001deabc0a3d0, 0x000001deabc0aa60, 0x000001deabc0b0f0,
0x000001dea6bf17d0, 0x000001dea6bf1e60, 0x000001dea6bf24f0, 0x000001dea6bf2b80,
0x000001dea6bf0420, 0x000001dea6bf0ab0, 0x000001dea6befd90, 0x000001dea6bef700,
0x000001dea6bf3210, 0x000001dea6bf38a0, 0x000001dea6bf3f30, 0x000001dea6bf45c0,
0x000001dea6bf4c50, 0x000001dea6bf52e0, 0x000001dea6bf5970, 0x000001dea6bf6000,
0x000001dea6bf6d20, 0x000001dea6bf6690, 0x000001dea73a8cf0, 0x000001dea73a9380,
0x000001dea73a9a10, 0x000001dea73aa730, 0x000001dea73a72b0
}

Java Threads: ( => current thread )
  0x000001de887d4d70 JavaThread "main"                              [_thread_blocked, id=17916, stack(0x000000dda4700000,0x000000dda4800000) (1024K)]
  0x000001de9fa9e7c0 JavaThread "Common-Cleaner"             daemon [_thread_blocked, id=17788, stack(0x000000dda4f00000,0x000000dda5000000) (1024K)]
  0x000001de9fadb090 JavaThread "Reference Handler"          daemon [_thread_blocked, id=15648, stack(0x000000dda5000000,0x000000dda5100000) (1024K)]
  0x000001de9fadd810 JavaThread "Finalizer"                  daemon [_thread_blocked, id=5528, stack(0x000000dda5100000,0x000000dda5200000) (1024K)]
  0x000001de9faf62a0 JavaThread "Signal Dispatcher"          daemon [_thread_blocked, id=16248, stack(0x000000dda5200000,0x000000dda5300000) (1024K)]
  0x000001de9fb083c0 JavaThread "Attach Listener"            daemon [_thread_blocked, id=3316, stack(0x000000dda5300000,0x000000dda5400000) (1024K)]
  0x000001de9fb08a30 JavaThread "Service Thread"             daemon [_thread_blocked, id=14284, stack(0x000000dda5400000,0x000000dda5500000) (1024K)]
  0x000001de9fb090a0 JavaThread "Monitor Deflation Thread"   daemon [_thread_blocked, id=2536, stack(0x000000dda5500000,0x000000dda5600000) (1024K)]
=>0x000001de9fb0ea60 JavaThread "C2 CompilerThread0"         daemon [_thread_in_native, id=2164, stack(0x000000dda5600000,0x000000dda5700000) (1024K)]
  0x000001de9fb0f110 JavaThread "C1 CompilerThread0"         daemon [_thread_blocked, id=1852, stack(0x000000dda5700000,0x000000dda5800000) (1024K)]
  0x000001de9fdf0b10 JavaThread "Notification Thread"        daemon [_thread_blocked, id=6404, stack(0x000000dda5800000,0x000000dda5900000) (1024K)]
  0x000001dea59099f0 JavaThread "Daemon health stats"               [_thread_blocked, id=12920, stack(0x000000dda6100000,0x000000dda6200000) (1024K)]
  0x000001dea5aa4030 JavaThread "Incoming local TCP Connector on port 52161"        [_thread_in_native, id=16036, stack(0x000000dda6200000,0x000000dda6300000) (1024K)]
  0x000001dea5c19390 JavaThread "Daemon periodic checks"            [_thread_blocked, id=16788, stack(0x000000dda6300000,0x000000dda6400000) (1024K)]
  0x000001dea5c11bf0 JavaThread "Daemon"                            [_thread_blocked, id=8424, stack(0x000000dda6400000,0x000000dda6500000) (1024K)]
  0x000001dea5abd4e0 JavaThread "Handler for socket connection from /127.0.0.1:52161 to /127.0.0.1:52162"        [_thread_in_native, id=17252, stack(0x000000dda6500000,0x000000dda6600000) (1024K)]
  0x000001dea5a16350 JavaThread "Cancel handler"                    [_thread_blocked, id=14424, stack(0x000000dda6600000,0x000000dda6700000) (1024K)]
  0x000001dea5a169c0 JavaThread "Daemon worker"                     [_thread_blocked, id=10276, stack(0x000000dda6700000,0x000000dda6800000) (1024K)]
  0x000001dea5cdd420 JavaThread "Asynchronous log dispatcher for DefaultDaemonConnection: socket connection from /127.0.0.1:52161 to /127.0.0.1:52162"        [_thread_blocked, id=9420, stack(0x000000dda6800000,0x000000dda6900000) (1024K)]
  0x000001dea5cdf4f0 JavaThread "Stdin handler"                     [_thread_blocked, id=14760, stack(0x000000dda6900000,0x000000dda6a00000) (1024K)]
  0x000001dea5cde140 JavaThread "Daemon client event forwarder"        [_thread_blocked, id=14484, stack(0x000000dda6a00000,0x000000dda6b00000) (1024K)]
  0x000001dea5cdfb80 JavaThread "Cache worker for journal cache (C:\Users\ASUS\.gradle\caches\journal-1)"        [_thread_blocked, id=15880, stack(0x000000dda6f00000,0x000000dda7000000) (1024K)]
  0x000001dea5cdee60 JavaThread "File lock request listener"        [_thread_in_native, id=7912, stack(0x000000dda7000000,0x000000dda7100000) (1024K)]
  0x000001dea5ce08a0 JavaThread "Cache worker for file hash cache (C:\Users\ASUS\.gradle\caches\8.12\fileHashes)"        [_thread_in_Java, id=3584, stack(0x000000dda7100000,0x000000dda7200000) (1024K)]
  0x000001dea5cddab0 JavaThread "Cache worker for file hash cache (C:\Users\ASUS\AndroidStudioProjects\OzTrip\.gradle\8.12\fileHashes)"        [_thread_blocked, id=7232, stack(0x000000dda7300000,0x000000dda7400000) (1024K)]
  0x000001dea5cde7d0 JavaThread "Cache worker for Build Output Cleanup Cache (C:\Users\ASUS\AndroidStudioProjects\OzTrip\.gradle\buildOutputCleanup)"        [_thread_blocked, id=2392, stack(0x000000dda7400000,0x000000dda7500000) (1024K)]
  0x000001dea7fc6900 JavaThread "File watcher server"        daemon [_thread_in_native, id=10612, stack(0x000000dda7500000,0x000000dda7600000) (1024K)]
  0x000001dea7fc7cb0 JavaThread "File watcher consumer"      daemon [_thread_blocked, id=7360, stack(0x000000dda7600000,0x000000dda7700000) (1024K)]
  0x000001dea7fc7620 JavaThread "jar transforms"                    [_thread_blocked, id=14332, stack(0x000000dda7700000,0x000000dda7800000) (1024K)]
  0x000001dea7fc8340 JavaThread "jar transforms Thread 2"           [_thread_blocked, id=13440, stack(0x000000dda7800000,0x000000dda7900000) (1024K)]
  0x000001dea7fc5be0 JavaThread "Cache worker for checksums cache (C:\Users\ASUS\AndroidStudioProjects\OzTrip\.gradle\8.12\checksums)"        [_thread_blocked, id=12504, stack(0x000000dda7900000,0x000000dda7a00000) (1024K)]
  0x000001dea7fc6f90 JavaThread "Cache worker for file content cache (C:\Users\ASUS\.gradle\caches\8.12\fileContent)"        [_thread_blocked, id=12828, stack(0x000000dda7a00000,0x000000dda7b00000) (1024K)]
  0x000001dea63385f0 JavaThread "jar transforms Thread 3"           [_thread_blocked, id=2992, stack(0x000000dda7b00000,0x000000dda7c00000) (1024K)]
  0x000001dea63399a0 JavaThread "Cache worker for cache directory md-rule (C:\Users\ASUS\.gradle\caches\8.12\md-rule)"        [_thread_blocked, id=15108, stack(0x000000dda7c00000,0x000000dda7d00000) (1024K)]
  0x000001dea633a030 JavaThread "Cache worker for cache directory md-supplier (C:\Users\ASUS\.gradle\caches\8.12\md-supplier)"        [_thread_blocked, id=2988, stack(0x000000dda7d00000,0x000000dda7e00000) (1024K)]
  0x000001dea633ad50 JavaThread "Unconstrained build operations"        [_thread_blocked, id=10024, stack(0x000000dda7e00000,0x000000dda7f00000) (1024K)]
  0x000001dea63378d0 JavaThread "Unconstrained build operations Thread 2"        [_thread_blocked, id=15808, stack(0x000000dda7f00000,0x000000dda8000000) (1024K)]
  0x000001dea633b3e0 JavaThread "Unconstrained build operations Thread 3"        [_thread_blocked, id=16632, stack(0x000000dda8000000,0x000000dda8100000) (1024K)]
  0x000001dea633ba70 JavaThread "Unconstrained build operations Thread 4"        [_thread_blocked, id=17308, stack(0x000000dda8100000,0x000000dda8200000) (1024K)]
  0x000001dea633c100 JavaThread "Unconstrained build operations Thread 5"        [_thread_blocked, id=14020, stack(0x000000dda8200000,0x000000dda8300000) (1024K)]
  0x000001dea6338c80 JavaThread "Unconstrained build operations Thread 6"        [_thread_blocked, id=5448, stack(0x000000dda8300000,0x000000dda8400000) (1024K)]
  0x000001dea633db40 JavaThread "Unconstrained build operations Thread 7"        [_thread_blocked, id=16056, stack(0x000000dda8400000,0x000000dda8500000) (1024K)]
  0x000001dea633c790 JavaThread "Unconstrained build operations Thread 8"        [_thread_blocked, id=3312, stack(0x000000dda8500000,0x000000dda8600000) (1024K)]
  0x000001dea633eef0 JavaThread "jar transforms Thread 4"           [_thread_blocked, id=5872, stack(0x000000dda8600000,0x000000dda8700000) (1024K)]
  0x000001dea633ce20 JavaThread "jar transforms Thread 5"           [_thread_blocked, id=15412, stack(0x000000dda8700000,0x000000dda8800000) (1024K)]
  0x000001dea633d4b0 JavaThread "Unconstrained build operations Thread 9"        [_thread_blocked, id=18164, stack(0x000000dda8800000,0x000000dda8900000) (1024K)]
  0x000001dea633e1d0 JavaThread "Unconstrained build operations Thread 10"        [_thread_blocked, id=15336, stack(0x000000dda8900000,0x000000dda8a00000) (1024K)]
  0x000001dea633e860 JavaThread "Unconstrained build operations Thread 11"        [_thread_blocked, id=14400, stack(0x000000dda8a00000,0x000000dda8b00000) (1024K)]
  0x000001deabc06f50 JavaThread "Unconstrained build operations Thread 12"        [_thread_blocked, id=19156, stack(0x000000dda8b00000,0x000000dda8c00000) (1024K)]
  0x000001deabc03ad0 JavaThread "jar transforms Thread 6"           [_thread_blocked, id=14344, stack(0x000000dda8c00000,0x000000dda8d00000) (1024K)]
  0x000001deabc04e80 JavaThread "jar transforms Thread 7"           [_thread_blocked, id=3444, stack(0x000000dda8d00000,0x000000dda8e00000) (1024K)]
  0x000001deabc04160 JavaThread "jar transforms Thread 8"           [_thread_blocked, id=10752, stack(0x000000dda8e00000,0x000000dda8f00000) (1024K)]
  0x000001dea6fe2620 JavaThread "C2 CompilerThread1"         daemon [_thread_in_native, id=8940, stack(0x000000dda5d00000,0x000000dda5e00000) (1024K)]
  0x000001dea6fe1880 JavaThread "C2 CompilerThread2"         daemon [_thread_in_native, id=7400, stack(0x000000dda7200000,0x000000dda7300000) (1024K)]
  0x000001deabc06230 JavaThread "Unconstrained build operations Thread 13"        [_thread_blocked, id=14848, stack(0x000000dda8f00000,0x000000dda9000000) (1024K)]
  0x000001deabc08300 JavaThread "Unconstrained build operations Thread 14"        [_thread_blocked, id=2240, stack(0x000000dda9000000,0x000000dda9100000) (1024K)]
  0x000001deabc08990 JavaThread "Unconstrained build operations Thread 15"        [_thread_blocked, id=3008, stack(0x000000dda9100000,0x000000dda9200000) (1024K)]
  0x000001deabc05510 JavaThread "Unconstrained build operations Thread 16"        [_thread_blocked, id=14116, stack(0x000000dda9200000,0x000000dda9300000) (1024K)]
  0x000001deabc09020 JavaThread "Unconstrained build operations Thread 17"        [_thread_blocked, id=17976, stack(0x000000dda9300000,0x000000dda9400000) (1024K)]
  0x000001deabc09d40 JavaThread "Unconstrained build operations Thread 18"        [_thread_blocked, id=19056, stack(0x000000dda9400000,0x000000dda9500000) (1024K)]
  0x000001deabc096b0 JavaThread "Unconstrained build operations Thread 19"        [_thread_blocked, id=904, stack(0x000000dda9500000,0x000000dda9600000) (1024K)]
  0x000001deabc0a3d0 JavaThread "Unconstrained build operations Thread 20"        [_thread_blocked, id=15968, stack(0x000000dda9600000,0x000000dda9700000) (1024K)]
  0x000001deabc0aa60 JavaThread "Unconstrained build operations Thread 21"        [_thread_blocked, id=4516, stack(0x000000dda9700000,0x000000dda9800000) (1024K)]
  0x000001deabc0b0f0 JavaThread "Unconstrained build operations Thread 22"        [_thread_blocked, id=12660, stack(0x000000dda9800000,0x000000dda9900000) (1024K)]
  0x000001dea6bf17d0 JavaThread "Unconstrained build operations Thread 23"        [_thread_blocked, id=1580, stack(0x000000dda9900000,0x000000dda9a00000) (1024K)]
  0x000001dea6bf1e60 JavaThread "Unconstrained build operations Thread 24"        [_thread_blocked, id=1348, stack(0x000000dda9a00000,0x000000dda9b00000) (1024K)]
  0x000001dea6bf24f0 JavaThread "Unconstrained build operations Thread 25"        [_thread_blocked, id=17716, stack(0x000000dda9b00000,0x000000dda9c00000) (1024K)]
  0x000001dea6bf2b80 JavaThread "Unconstrained build operations Thread 26"        [_thread_blocked, id=5400, stack(0x000000dda9c00000,0x000000dda9d00000) (1024K)]
  0x000001dea6bf0420 JavaThread "Unconstrained build operations Thread 27"        [_thread_blocked, id=12716, stack(0x000000dda9d00000,0x000000dda9e00000) (1024K)]
  0x000001dea6bf0ab0 JavaThread "Unconstrained build operations Thread 28"        [_thread_blocked, id=8804, stack(0x000000dda9e00000,0x000000dda9f00000) (1024K)]
  0x000001dea6befd90 JavaThread "Unconstrained build operations Thread 29"        [_thread_blocked, id=14224, stack(0x000000dda9f00000,0x000000ddaa000000) (1024K)]
  0x000001dea6bef700 JavaThread "Unconstrained build operations Thread 30"        [_thread_blocked, id=15428, stack(0x000000ddaa000000,0x000000ddaa100000) (1024K)]
  0x000001dea6bf3210 JavaThread "Unconstrained build operations Thread 31"        [_thread_blocked, id=17048, stack(0x000000ddaa100000,0x000000ddaa200000) (1024K)]
  0x000001dea6bf38a0 JavaThread "Unconstrained build operations Thread 32"        [_thread_blocked, id=3360, stack(0x000000ddaa200000,0x000000ddaa300000) (1024K)]
  0x000001dea6bf3f30 JavaThread "Unconstrained build operations Thread 33"        [_thread_blocked, id=12184, stack(0x000000ddaa300000,0x000000ddaa400000) (1024K)]
  0x000001dea6bf45c0 JavaThread "Unconstrained build operations Thread 34"        [_thread_blocked, id=17480, stack(0x000000ddaa400000,0x000000ddaa500000) (1024K)]
  0x000001dea6bf4c50 JavaThread "Unconstrained build operations Thread 35"        [_thread_blocked, id=15792, stack(0x000000ddaa500000,0x000000ddaa600000) (1024K)]
  0x000001dea6bf52e0 JavaThread "Unconstrained build operations Thread 36"        [_thread_blocked, id=3204, stack(0x000000ddaa600000,0x000000ddaa700000) (1024K)]
  0x000001dea6bf5970 JavaThread "Unconstrained build operations Thread 37"        [_thread_in_Java, id=3712, stack(0x000000ddaa700000,0x000000ddaa800000) (1024K)]
  0x000001dea6bf6000 JavaThread "Unconstrained build operations Thread 38"        [_thread_blocked, id=11988, stack(0x000000ddaa800000,0x000000ddaa900000) (1024K)]
  0x000001dea6bf6d20 JavaThread "Unconstrained build operations Thread 39"        [_thread_blocked, id=16500, stack(0x000000ddaa900000,0x000000ddaaa00000) (1024K)]
  0x000001dea6bf6690 JavaThread "Unconstrained build operations Thread 40"        [_thread_in_native, id=16916, stack(0x000000ddaaa00000,0x000000ddaab00000) (1024K)]
  0x000001dea73a8cf0 JavaThread "Unconstrained build operations Thread 41"        [_thread_blocked, id=2964, stack(0x000000ddaab00000,0x000000ddaac00000) (1024K)]
  0x000001dea73a9380 JavaThread "Unconstrained build operations Thread 42"        [_thread_in_Java, id=7040, stack(0x000000ddaac00000,0x000000ddaad00000) (1024K)]
  0x000001dea73a9a10 JavaThread "Unconstrained build operations Thread 43"        [_thread_blocked, id=6180, stack(0x000000ddaad00000,0x000000ddaae00000) (1024K)]
  0x000001dea73aa730 JavaThread "Unconstrained build operations Thread 44"        [_thread_blocked, id=8908, stack(0x000000ddaae00000,0x000000ddaaf00000) (1024K)]
  0x000001dea73a72b0 JavaThread "Unconstrained build operations Thread 45"        [_thread_blocked, id=14464, stack(0x000000ddaaf00000,0x000000ddab000000) (1024K)]
Total: 87

Other Threads:
  0x000001de9fa4caa0 VMThread "VM Thread"                           [id=17752, stack(0x000000dda4e00000,0x000000dda4f00000) (1024K)]
  0x000001de9f0356f0 WatcherThread "VM Periodic Task Thread"        [id=9436, stack(0x000000dda4d00000,0x000000dda4e00000) (1024K)]
  0x000001de8881d200 WorkerThread "GC Thread#0"                     [id=15816, stack(0x000000dda4800000,0x000000dda4900000) (1024K)]
  0x000001dea42d4fa0 WorkerThread "GC Thread#1"                     [id=18664, stack(0x000000dda5b00000,0x000000dda5c00000) (1024K)]
  0x000001dea4590940 WorkerThread "GC Thread#2"                     [id=13832, stack(0x000000dda5c00000,0x000000dda5d00000) (1024K)]
  0x000001dea4e154f0 WorkerThread "GC Thread#3"                     [id=14676, stack(0x000000dda5900000,0x000000dda5a00000) (1024K)]
  0x000001dea4ddd990 WorkerThread "GC Thread#4"                     [id=16336, stack(0x000000dda5a00000,0x000000dda5b00000) (1024K)]
  0x000001dea58f39a0 WorkerThread "GC Thread#5"                     [id=16168, stack(0x000000dda5e00000,0x000000dda5f00000) (1024K)]
  0x000001dea58f3d40 WorkerThread "GC Thread#6"                     [id=16492, stack(0x000000dda5f00000,0x000000dda6000000) (1024K)]
  0x000001dea58f80f0 WorkerThread "GC Thread#7"                     [id=7052, stack(0x000000dda6000000,0x000000dda6100000) (1024K)]
  0x000001dea57a3410 WorkerThread "GC Thread#8"                     [id=18472, stack(0x000000dda6b00000,0x000000dda6c00000) (1024K)]
  0x000001dea57a3b50 WorkerThread "GC Thread#9"                     [id=8668, stack(0x000000dda6c00000,0x000000dda6d00000) (1024K)]
  0x000001de8882a0f0 ConcurrentGCThread "G1 Main Marker"            [id=3696, stack(0x000000dda4900000,0x000000dda4a00000) (1024K)]
  0x000001de8882b9e0 WorkerThread "G1 Conc#0"                       [id=15636, stack(0x000000dda4a00000,0x000000dda4b00000) (1024K)]
  0x000001dea57a37b0 WorkerThread "G1 Conc#1"                       [id=11720, stack(0x000000dda6d00000,0x000000dda6e00000) (1024K)]
  0x000001dea57a3070 WorkerThread "G1 Conc#2"                       [id=632, stack(0x000000dda6e00000,0x000000dda6f00000) (1024K)]
  0x000001de8886e860 ConcurrentGCThread "G1 Refine#0"               [id=10248, stack(0x000000dda4b00000,0x000000dda4c00000) (1024K)]
  0x000001de9ef000e0 ConcurrentGCThread "G1 Service"                [id=12540, stack(0x000000dda4c00000,0x000000dda4d00000) (1024K)]
Total: 18

Threads with active compile tasks:
C2 CompilerThread0  12519 8661  s    4       sun.nio.fs.WindowsDirectoryStream$WindowsDirectoryIterator::hasNext (35 bytes)
C2 CompilerThread1  12519 8696   !   4       sun.nio.fs.WindowsDirectoryStream$WindowsDirectoryIterator::readNextEntry (192 bytes)
C2 CompilerThread2  12519 8680       4       org.gradle.cache.internal.btree.BTreePersistentIndexedCache$IndexBlock::find (140 bytes)
Total: 3

VM state: not at safepoint (normal execution)

VM Mutex/Monitor currently owned by a thread: None

Heap address: 0x00000000a0000000, size: 1536 MB, Compressed Oops mode: 32-bit

CDS archive(s) not mapped
Compressed class space mapped at: 0x0000000100000000-0x000000011a000000, reserved size: 436207616
Narrow klass base: 0x0000000000000000, Narrow klass shift: 3, Narrow klass range: 0x11a000000

GC Precious Log:
 CardTable entry size: 512
 Card Set container configuration: InlinePtr #cards 5 size 8 Array Of Cards #cards 12 size 40 Howl #buckets 4 coarsen threshold 1843 Howl Bitmap #cards 512 size 80 coarsen threshold 460 Card regions per heap region 1 cards per card region 2048
 CPUs: 12 total, 12 available
 Memory: 7599M
 Large Page Support: Disabled
 NUMA Support: Disabled
 Compressed Oops: Enabled (32-bit)
 Heap Region Size: 1M
 Heap Min Capacity: 8M
 Heap Initial Capacity: 120M
 Heap Max Capacity: 1536M
 Pre-touch: Disabled
 Parallel Workers: 10
 Concurrent Workers: 3
 Concurrent Refinement Workers: 10
 Periodic GC: Disabled

Heap:
 garbage-first heap   total 100352K, used 67105K [0x00000000a0000000, 0x0000000100000000)
  region size 1024K, 19 young (19456K), 4 survivors (4096K)
 Metaspace       used 71717K, committed 73472K, reserved 491520K
  class space    used 9879K, committed 10752K, reserved 425984K

Heap Regions: E=young(eden), S=young(survivor), O=old, HS=humongous(starts), HC=humongous(continues), CS=collection set, F=free, TAMS=top-at-mark-start, PB=parsable bottom
|   0|0x00000000a0000000, 0x00000000a0100000, 0x00000000a0100000|100%| O|  |TAMS 0x00000000a0000000| PB 0x00000000a0000000| Untracked 
|   1|0x00000000a0100000, 0x00000000a0200000, 0x00000000a0200000|100%|HS|  |TAMS 0x00000000a0100000| PB 0x00000000a0100000| Complete 
|   2|0x00000000a0200000, 0x00000000a0300000, 0x00000000a0300000|100%|HC|  |TAMS 0x00000000a0200000| PB 0x00000000a0200000| Complete 
|   3|0x00000000a0300000, 0x00000000a0400000, 0x00000000a0400000|100%|HC|  |TAMS 0x00000000a0300000| PB 0x00000000a0300000| Complete 
|   4|0x00000000a0400000, 0x00000000a0500000, 0x00000000a0500000|100%| O|  |TAMS 0x00000000a0400000| PB 0x00000000a0400000| Untracked 
|   5|0x00000000a0500000, 0x00000000a0600000, 0x00000000a0600000|100%| O|  |TAMS 0x00000000a0500000| PB 0x00000000a0500000| Untracked 
|   6|0x00000000a0600000, 0x00000000a0700000, 0x00000000a0700000|100%| O|  |TAMS 0x00000000a0600000| PB 0x00000000a0600000| Untracked 
|   7|0x00000000a0700000, 0x00000000a0800000, 0x00000000a0800000|100%|HS|  |TAMS 0x00000000a0700000| PB 0x00000000a0700000| Complete 
|   8|0x00000000a0800000, 0x00000000a0900000, 0x00000000a0900000|100%| O|  |TAMS 0x00000000a0800000| PB 0x00000000a0800000| Untracked 
|   9|0x00000000a0900000, 0x00000000a0a00000, 0x00000000a0a00000|100%| O|  |TAMS 0x00000000a0900000| PB 0x00000000a0900000| Untracked 
|  10|0x00000000a0a00000, 0x00000000a0b00000, 0x00000000a0b00000|100%| O|  |TAMS 0x00000000a0a00000| PB 0x00000000a0a00000| Untracked 
|  11|0x00000000a0b00000, 0x00000000a0c00000, 0x00000000a0c00000|100%| O|  |TAMS 0x00000000a0b00000| PB 0x00000000a0b00000| Untracked 
|  12|0x00000000a0c00000, 0x00000000a0d00000, 0x00000000a0d00000|100%| O|  |TAMS 0x00000000a0c00000| PB 0x00000000a0c00000| Untracked 
|  13|0x00000000a0d00000, 0x00000000a0e00000, 0x00000000a0e00000|100%| O|  |TAMS 0x00000000a0d00000| PB 0x00000000a0d00000| Untracked 
|  14|0x00000000a0e00000, 0x00000000a0f00000, 0x00000000a0f00000|100%| O|  |TAMS 0x00000000a0e00000| PB 0x00000000a0e00000| Untracked 
|  15|0x00000000a0f00000, 0x00000000a1000000, 0x00000000a1000000|100%| O|  |TAMS 0x00000000a0f00000| PB 0x00000000a0f00000| Untracked 
|  16|0x00000000a1000000, 0x00000000a1100000, 0x00000000a1100000|100%| O|  |TAMS 0x00000000a1000000| PB 0x00000000a1000000| Untracked 
|  17|0x00000000a1100000, 0x00000000a1200000, 0x00000000a1200000|100%| O|  |TAMS 0x00000000a1100000| PB 0x00000000a1100000| Untracked 
|  18|0x00000000a1200000, 0x00000000a1300000, 0x00000000a1300000|100%| O|  |TAMS 0x00000000a1200000| PB 0x00000000a1200000| Untracked 
|  19|0x00000000a1300000, 0x00000000a1400000, 0x00000000a1400000|100%| O|  |TAMS 0x00000000a1300000| PB 0x00000000a1300000| Untracked 
|  20|0x00000000a1400000, 0x00000000a1500000, 0x00000000a1500000|100%| O|  |TAMS 0x00000000a1400000| PB 0x00000000a1400000| Untracked 
|  21|0x00000000a1500000, 0x00000000a1600000, 0x00000000a1600000|100%| O|  |TAMS 0x00000000a1500000| PB 0x00000000a1500000| Untracked 
|  22|0x00000000a1600000, 0x00000000a1700000, 0x00000000a1700000|100%| O|  |TAMS 0x00000000a1600000| PB 0x00000000a1600000| Untracked 
|  23|0x00000000a1700000, 0x00000000a1800000, 0x00000000a1800000|100%| O|  |TAMS 0x00000000a1700000| PB 0x00000000a1700000| Untracked 
|  24|0x00000000a1800000, 0x00000000a1900000, 0x00000000a1900000|100%| O|  |TAMS 0x00000000a1800000| PB 0x00000000a1800000| Untracked 
|  25|0x00000000a1900000, 0x00000000a1a00000, 0x00000000a1a00000|100%| O|  |TAMS 0x00000000a1900000| PB 0x00000000a1900000| Untracked 
|  26|0x00000000a1a00000, 0x00000000a1b00000, 0x00000000a1b00000|100%| O|  |TAMS 0x00000000a1a00000| PB 0x00000000a1a00000| Untracked 
|  27|0x00000000a1b00000, 0x00000000a1c00000, 0x00000000a1c00000|100%| O|  |TAMS 0x00000000a1b00000| PB 0x00000000a1b00000| Untracked 
|  28|0x00000000a1c00000, 0x00000000a1d00000, 0x00000000a1d00000|100%| O|  |TAMS 0x00000000a1c00000| PB 0x00000000a1c00000| Untracked 
|  29|0x00000000a1d00000, 0x00000000a1e00000, 0x00000000a1e00000|100%| O|  |TAMS 0x00000000a1d00000| PB 0x00000000a1d00000| Untracked 
|  30|0x00000000a1e00000, 0x00000000a1f00000, 0x00000000a1f00000|100%| O|  |TAMS 0x00000000a1e00000| PB 0x00000000a1e00000| Untracked 
|  31|0x00000000a1f00000, 0x00000000a2000000, 0x00000000a2000000|100%| O|  |TAMS 0x00000000a1f00000| PB 0x00000000a1f00000| Untracked 
|  32|0x00000000a2000000, 0x00000000a2100000, 0x00000000a2100000|100%| O|  |TAMS 0x00000000a2000000| PB 0x00000000a2000000| Untracked 
|  33|0x00000000a2100000, 0x00000000a2200000, 0x00000000a2200000|100%| O|  |TAMS 0x00000000a2100000| PB 0x00000000a2100000| Untracked 
|  34|0x00000000a2200000, 0x00000000a2300000, 0x00000000a2300000|100%| O|  |TAMS 0x00000000a2200000| PB 0x00000000a2200000| Untracked 
|  35|0x00000000a2300000, 0x00000000a2400000, 0x00000000a2400000|100%| O|  |TAMS 0x00000000a2300000| PB 0x00000000a2300000| Untracked 
|  36|0x00000000a2400000, 0x00000000a2500000, 0x00000000a2500000|100%| O|  |TAMS 0x00000000a2400000| PB 0x00000000a2400000| Untracked 
|  37|0x00000000a2500000, 0x00000000a2600000, 0x00000000a2600000|100%| O|  |TAMS 0x00000000a2500000| PB 0x00000000a2500000| Untracked 
|  38|0x00000000a2600000, 0x00000000a2700000, 0x00000000a2700000|100%| O|  |TAMS 0x00000000a2600000| PB 0x00000000a2600000| Untracked 
|  39|0x00000000a2700000, 0x00000000a2700000, 0x00000000a2800000|  0%| F|  |TAMS 0x00000000a2700000| PB 0x00000000a2700000| Untracked 
|  40|0x00000000a2800000, 0x00000000a2800000, 0x00000000a2900000|  0%| F|  |TAMS 0x00000000a2800000| PB 0x00000000a2800000| Untracked 
|  41|0x00000000a2900000, 0x00000000a2a00000, 0x00000000a2a00000|100%| O|  |TAMS 0x00000000a2900000| PB 0x00000000a2900000| Untracked 
|  42|0x00000000a2a00000, 0x00000000a2b00000, 0x00000000a2b00000|100%| O|  |TAMS 0x00000000a2a00000| PB 0x00000000a2a00000| Untracked 
|  43|0x00000000a2b00000, 0x00000000a2c00000, 0x00000000a2c00000|100%| O|  |TAMS 0x00000000a2b00000| PB 0x00000000a2b00000| Untracked 
|  44|0x00000000a2c00000, 0x00000000a2d00000, 0x00000000a2d00000|100%| O|  |TAMS 0x00000000a2c00000| PB 0x00000000a2c00000| Untracked 
|  45|0x00000000a2d00000, 0x00000000a2e00000, 0x00000000a2e00000|100%| O|  |TAMS 0x00000000a2d00000| PB 0x00000000a2d00000| Untracked 
|  46|0x00000000a2e00000, 0x00000000a2f00000, 0x00000000a2f00000|100%| O|  |TAMS 0x00000000a2e00000| PB 0x00000000a2e00000| Untracked 
|  47|0x00000000a2f00000, 0x00000000a3000000, 0x00000000a3000000|100%| O|  |TAMS 0x00000000a2f00000| PB 0x00000000a2f00000| Untracked 
|  48|0x00000000a3000000, 0x00000000a3078d90, 0x00000000a3100000| 47%| O|  |TAMS 0x00000000a3000000| PB 0x00000000a3000000| Untracked 
|  49|0x00000000a3100000, 0x00000000a3100000, 0x00000000a3200000|  0%| F|  |TAMS 0x00000000a3100000| PB 0x00000000a3100000| Untracked 
|  50|0x00000000a3200000, 0x00000000a3200000, 0x00000000a3300000|  0%| F|  |TAMS 0x00000000a3200000| PB 0x00000000a3200000| Untracked 
|  51|0x00000000a3300000, 0x00000000a3300000, 0x00000000a3400000|  0%| F|  |TAMS 0x00000000a3300000| PB 0x00000000a3300000| Untracked 
|  52|0x00000000a3400000, 0x00000000a3400000, 0x00000000a3500000|  0%| F|  |TAMS 0x00000000a3400000| PB 0x00000000a3400000| Untracked 
|  53|0x00000000a3500000, 0x00000000a3500000, 0x00000000a3600000|  0%| F|  |TAMS 0x00000000a3500000| PB 0x00000000a3500000| Untracked 
|  54|0x00000000a3600000, 0x00000000a3600000, 0x00000000a3700000|  0%| F|  |TAMS 0x00000000a3600000| PB 0x00000000a3600000| Untracked 
|  55|0x00000000a3700000, 0x00000000a3700000, 0x00000000a3800000|  0%| F|  |TAMS 0x00000000a3700000| PB 0x00000000a3700000| Untracked 
|  56|0x00000000a3800000, 0x00000000a3800000, 0x00000000a3900000|  0%| F|  |TAMS 0x00000000a3800000| PB 0x00000000a3800000| Untracked 
|  57|0x00000000a3900000, 0x00000000a390f820, 0x00000000a3a00000|  6%| S|CS|TAMS 0x00000000a3900000| PB 0x00000000a3900000| Complete 
|  58|0x00000000a3a00000, 0x00000000a3b00000, 0x00000000a3b00000|100%| S|CS|TAMS 0x00000000a3a00000| PB 0x00000000a3a00000| Complete 
|  59|0x00000000a3b00000, 0x00000000a3c00000, 0x00000000a3c00000|100%| S|CS|TAMS 0x00000000a3b00000| PB 0x00000000a3b00000| Complete 
|  60|0x00000000a3c00000, 0x00000000a3c00000, 0x00000000a3d00000|  0%| F|  |TAMS 0x00000000a3c00000| PB 0x00000000a3c00000| Untracked 
|  61|0x00000000a3d00000, 0x00000000a3e00000, 0x00000000a3e00000|100%| S|CS|TAMS 0x00000000a3d00000| PB 0x00000000a3d00000| Complete 
|  62|0x00000000a3e00000, 0x00000000a3e00000, 0x00000000a3f00000|  0%| F|  |TAMS 0x00000000a3e00000| PB 0x00000000a3e00000| Untracked 
|  63|0x00000000a3f00000, 0x00000000a3f00000, 0x00000000a4000000|  0%| F|  |TAMS 0x00000000a3f00000| PB 0x00000000a3f00000| Untracked 
|  64|0x00000000a4000000, 0x00000000a4000000, 0x00000000a4100000|  0%| F|  |TAMS 0x00000000a4000000| PB 0x00000000a4000000| Untracked 
|  65|0x00000000a4100000, 0x00000000a4100000, 0x00000000a4200000|  0%| F|  |TAMS 0x00000000a4100000| PB 0x00000000a4100000| Untracked 
|  66|0x00000000a4200000, 0x00000000a4200000, 0x00000000a4300000|  0%| F|  |TAMS 0x00000000a4200000| PB 0x00000000a4200000| Untracked 
|  67|0x00000000a4300000, 0x00000000a4300000, 0x00000000a4400000|  0%| F|  |TAMS 0x00000000a4300000| PB 0x00000000a4300000| Untracked 
|  68|0x00000000a4400000, 0x00000000a4400000, 0x00000000a4500000|  0%| F|  |TAMS 0x00000000a4400000| PB 0x00000000a4400000| Untracked 
|  69|0x00000000a4500000, 0x00000000a4500000, 0x00000000a4600000|  0%| F|  |TAMS 0x00000000a4500000| PB 0x00000000a4500000| Untracked 
|  70|0x00000000a4600000, 0x00000000a4600000, 0x00000000a4700000|  0%| F|  |TAMS 0x00000000a4600000| PB 0x00000000a4600000| Untracked 
|  71|0x00000000a4700000, 0x00000000a4700000, 0x00000000a4800000|  0%| F|  |TAMS 0x00000000a4700000| PB 0x00000000a4700000| Untracked 
|  72|0x00000000a4800000, 0x00000000a4800000, 0x00000000a4900000|  0%| F|  |TAMS 0x00000000a4800000| PB 0x00000000a4800000| Untracked 
|  73|0x00000000a4900000, 0x00000000a4900000, 0x00000000a4a00000|  0%| F|  |TAMS 0x00000000a4900000| PB 0x00000000a4900000| Untracked 
|  74|0x00000000a4a00000, 0x00000000a4a00000, 0x00000000a4b00000|  0%| F|  |TAMS 0x00000000a4a00000| PB 0x00000000a4a00000| Untracked 
|  75|0x00000000a4b00000, 0x00000000a4b00000, 0x00000000a4c00000|  0%| F|  |TAMS 0x00000000a4b00000| PB 0x00000000a4b00000| Untracked 
|  76|0x00000000a4c00000, 0x00000000a4c00000, 0x00000000a4d00000|  0%| F|  |TAMS 0x00000000a4c00000| PB 0x00000000a4c00000| Untracked 
|  77|0x00000000a4d00000, 0x00000000a4d00000, 0x00000000a4e00000|  0%| F|  |TAMS 0x00000000a4d00000| PB 0x00000000a4d00000| Untracked 
|  78|0x00000000a4e00000, 0x00000000a4e00000, 0x00000000a4f00000|  0%| F|  |TAMS 0x00000000a4e00000| PB 0x00000000a4e00000| Untracked 
|  79|0x00000000a4f00000, 0x00000000a4f00000, 0x00000000a5000000|  0%| F|  |TAMS 0x00000000a4f00000| PB 0x00000000a4f00000| Untracked 
|  80|0x00000000a5000000, 0x00000000a50d88d8, 0x00000000a5100000| 84%| E|  |TAMS 0x00000000a5000000| PB 0x00000000a5000000| Complete 
|  81|0x00000000a5100000, 0x00000000a5200000, 0x00000000a5200000|100%| E|  |TAMS 0x00000000a5100000| PB 0x00000000a5100000| Complete 
|  82|0x00000000a5200000, 0x00000000a5300000, 0x00000000a5300000|100%| E|CS|TAMS 0x00000000a5200000| PB 0x00000000a5200000| Complete 
|  83|0x00000000a5300000, 0x00000000a5400000, 0x00000000a5400000|100%| E|CS|TAMS 0x00000000a5300000| PB 0x00000000a5300000| Complete 
|  84|0x00000000a5400000, 0x00000000a5500000, 0x00000000a5500000|100%| E|CS|TAMS 0x00000000a5400000| PB 0x00000000a5400000| Complete 
|  85|0x00000000a5500000, 0x00000000a5600000, 0x00000000a5600000|100%| E|CS|TAMS 0x00000000a5500000| PB 0x00000000a5500000| Complete 
|  86|0x00000000a5600000, 0x00000000a5700000, 0x00000000a5700000|100%| E|CS|TAMS 0x00000000a5600000| PB 0x00000000a5600000| Complete 
|  87|0x00000000a5700000, 0x00000000a5800000, 0x00000000a5800000|100%| E|CS|TAMS 0x00000000a5700000| PB 0x00000000a5700000| Complete 
|  88|0x00000000a5800000, 0x00000000a5900000, 0x00000000a5900000|100%| E|CS|TAMS 0x00000000a5800000| PB 0x00000000a5800000| Complete 
|  89|0x00000000a5900000, 0x00000000a5a00000, 0x00000000a5a00000|100%| E|CS|TAMS 0x00000000a5900000| PB 0x00000000a5900000| Complete 
|  93|0x00000000a5d00000, 0x00000000a5e00000, 0x00000000a5e00000|100%| E|CS|TAMS 0x00000000a5d00000| PB 0x00000000a5d00000| Complete 
|  94|0x00000000a5e00000, 0x00000000a5f00000, 0x00000000a5f00000|100%| E|CS|TAMS 0x00000000a5e00000| PB 0x00000000a5e00000| Complete 
|  95|0x00000000a5f00000, 0x00000000a6000000, 0x00000000a6000000|100%| E|CS|TAMS 0x00000000a5f00000| PB 0x00000000a5f00000| Complete 
| 118|0x00000000a7600000, 0x00000000a7700000, 0x00000000a7700000|100%| E|CS|TAMS 0x00000000a7600000| PB 0x00000000a7600000| Complete 
| 119|0x00000000a7700000, 0x00000000a7800000, 0x00000000a7800000|100%| E|CS|TAMS 0x00000000a7700000| PB 0x00000000a7700000| Complete 
|1533|0x00000000ffd00000, 0x00000000ffe00000, 0x00000000ffe00000|100%| O|  |TAMS 0x00000000ffd00000| PB 0x00000000ffd00000| Untracked 
|1534|0x00000000ffe00000, 0x00000000fff00000, 0x00000000fff00000|100%| O|  |TAMS 0x00000000ffe00000| PB 0x00000000ffe00000| Untracked 
|1535|0x00000000fff00000, 0x0000000100000000, 0x0000000100000000|100%| O|  |TAMS 0x00000000fff00000| PB 0x00000000fff00000| Untracked 

Card table byte_map: [0x000001de9b150000,0x000001de9b450000] _byte_map_base: 0x000001de9ac50000

Marking Bits: (CMBitMap*) 0x000001de8881d810
 Bits: [0x000001de9b450000, 0x000001de9cc50000)

Polling page: 0x000001de86550000

Metaspace:

Usage:
  Non-class:     60.39 MB used.
      Class:      9.65 MB used.
       Both:     70.04 MB used.

Virtual space:
  Non-class space:       64.00 MB reserved,      61.25 MB ( 96%) committed,  1 nodes.
      Class space:      416.00 MB reserved,      10.50 MB (  3%) committed,  1 nodes.
             Both:      480.00 MB reserved,      71.75 MB ( 15%) committed. 

Chunk freelists:
   Non-Class:  2.50 MB
       Class:  5.47 MB
        Both:  7.97 MB

MaxMetaspaceSize: 512.00 MB
CompressedClassSpaceSize: 416.00 MB
Initial GC threshold: 21.00 MB
Current GC threshold: 119.50 MB
CDS: off
 - commit_granule_bytes: 65536.
 - commit_granule_words: 8192.
 - virtual_space_node_default_size: 8388608.
 - enlarge_chunks_in_place: 1.
 - use_allocation_guard: 0.


Internal statistics:

num_allocs_failed_limit: 9.
num_arena_births: 3252.
num_arena_deaths: 0.
num_vsnodes_births: 2.
num_vsnodes_deaths: 0.
num_space_committed: 1148.
num_space_uncommitted: 0.
num_chunks_returned_to_freelist: 9.
num_chunks_taken_from_freelist: 6182.
num_chunk_merges: 6.
num_chunk_splits: 4029.
num_chunks_enlarged: 2524.
num_inconsistent_stats: 0.

CodeHeap 'non-profiled nmethods': size=120000Kb used=4176Kb max_used=4179Kb free=115823Kb
 bounds [0x000001de933d0000, 0x000001de937f0000, 0x000001de9a900000]
CodeHeap 'profiled nmethods': size=120000Kb used=13725Kb max_used=14465Kb free=106274Kb
 bounds [0x000001de8b900000, 0x000001de8c730000, 0x000001de92e30000]
CodeHeap 'non-nmethods': size=5760Kb used=2752Kb max_used=2827Kb free=3007Kb
 bounds [0x000001de92e30000, 0x000001de93100000, 0x000001de933d0000]
 total_blobs=8471 nmethods=7574 adapters=801
 compilation: enabled
              stopped_count=0, restarted_count=0
 full_count=0

Compilation events (20 events):
Event: 12.323 Thread 0x000001de9fb0f110 8656       3       org.gradle.api.internal.artifacts.transform.TransformStepSubject::createSubjectFromResult (10 bytes)
Event: 12.324 Thread 0x000001de9fb0f110 nmethod 8656 0x000001de8bed8f10 code [0x000001de8bed90c0, 0x000001de8bed93f0]
Event: 12.325 Thread 0x000001dea6fe1880 nmethod 8648 0x000001de93440190 code [0x000001de934403e0, 0x000001de93440e58]
Event: 12.326 Thread 0x000001de9fb0ea60 nmethod 8644 0x000001de935d0310 code [0x000001de935d04a0, 0x000001de935d0698]
Event: 12.326 Thread 0x000001de9fb0ea60 8657       4       com.google.common.cache.LocalCache$EntryFactory$2::newEntry (12 bytes)
Event: 12.331 Thread 0x000001dea6fe1880 8658       4       com.google.common.cache.LocalCache$Segment::recordWrite (72 bytes)
Event: 12.333 Thread 0x000001de9fb0ea60 nmethod 8657 0x000001de9343f910 code [0x000001de9343fac0, 0x000001de93440070]
Event: 12.333 Thread 0x000001de9fb0ea60 8659       4       com.google.common.io.CountingInputStream::read (25 bytes)
Event: 12.339 Thread 0x000001de9fb0f110 8663       3       com.google.common.collect.ImmutableList::copyIntoArray (36 bytes)
Event: 12.340 Thread 0x000001dea6fe1880 nmethod 8658 0x000001de9346ed10 code [0x000001de9346ef00, 0x000001de9346f440]
Event: 12.340 Thread 0x000001de9fb0f110 nmethod 8663 0x000001de8babdb90 code [0x000001de8babdd80, 0x000001de8babe270]
Event: 12.340 Thread 0x000001dea6fe1880 8660       4       com.google.common.cache.LocalCache$Segment::evictEntries (106 bytes)
Event: 12.344 Thread 0x000001dea6fe2620 nmethod 8640 0x000001de93434890 code [0x000001de93434ba0, 0x000001de93435e50]
Event: 12.344 Thread 0x000001dea6fe2620 8664       4       org.gradle.tooling.internal.provider.runner.ClientBuildEventGenerator::started (168 bytes)
Event: 12.350 Thread 0x000001de9fb0ea60 nmethod 8659 0x000001de9346d910 code [0x000001de9346db40, 0x000001de9346e6c8]
Event: 12.350 Thread 0x000001de9fb0ea60 8662       4       org.gradle.internal.hash.HashCode::<init> (5 bytes)
Event: 12.350 Thread 0x000001de9fb0ea60 nmethod 8662 0x000001de9343f610 code [0x000001de9343f7a0, 0x000001de9343f828]
Event: 12.350 Thread 0x000001de9fb0ea60 8661  s    4       sun.nio.fs.WindowsDirectoryStream$WindowsDirectoryIterator::hasNext (35 bytes)
Event: 12.363 Thread 0x000001de9fb0f110 8669       3       java.util.Collections::singleton (9 bytes)
Event: 12.363 Thread 0x000001de9fb0f110 nmethod 8669 0x000001de8bc09e10 code [0x000001de8bc09fe0, 0x000001de8bc0a2f0]

GC Heap History (20 events):
Event: 6.541 GC heap before
{Heap before GC invocations=10 (full 0):
 garbage-first heap   total 77824K, used 70198K [0x00000000a0000000, 0x0000000100000000)
  region size 1024K, 41 young (41984K), 6 survivors (6144K)
 Metaspace       used 46075K, committed 46976K, reserved 491520K
  class space    used 6091K, committed 6528K, reserved 425984K
}
Event: 6.548 GC heap after
{Heap after GC invocations=11 (full 0):
 garbage-first heap   total 82944K, used 33685K [0x00000000a0000000, 0x0000000100000000)
  region size 1024K, 4 young (4096K), 4 survivors (4096K)
 Metaspace       used 46075K, committed 46976K, reserved 491520K
  class space    used 6091K, committed 6528K, reserved 425984K
}
Event: 7.055 GC heap before
{Heap before GC invocations=11 (full 0):
 garbage-first heap   total 82944K, used 70549K [0x00000000a0000000, 0x0000000100000000)
  region size 1024K, 40 young (40960K), 4 survivors (4096K)
 Metaspace       used 50476K, committed 51840K, reserved 491520K
  class space    used 6836K, committed 7488K, reserved 425984K
}
Event: 7.061 GC heap after
{Heap after GC invocations=12 (full 0):
 garbage-first heap   total 82944K, used 35777K [0x00000000a0000000, 0x0000000100000000)
  region size 1024K, 3 young (3072K), 3 survivors (3072K)
 Metaspace       used 50476K, committed 51840K, reserved 491520K
  class space    used 6836K, committed 7488K, reserved 425984K
}
Event: 7.681 GC heap before
{Heap before GC invocations=12 (full 0):
 garbage-first heap   total 82944K, used 72641K [0x00000000a0000000, 0x0000000100000000)
  region size 1024K, 39 young (39936K), 3 survivors (3072K)
 Metaspace       used 54997K, committed 56448K, reserved 491520K
  class space    used 7603K, committed 8320K, reserved 425984K
}
Event: 7.687 GC heap after
{Heap after GC invocations=13 (full 0):
 garbage-first heap   total 100352K, used 38348K [0x00000000a0000000, 0x0000000100000000)
  region size 1024K, 5 young (5120K), 5 survivors (5120K)
 Metaspace       used 54997K, committed 56448K, reserved 491520K
  class space    used 7603K, committed 8320K, reserved 425984K
}
Event: 8.439 GC heap before
{Heap before GC invocations=13 (full 0):
 garbage-first heap   total 100352K, used 89548K [0x00000000a0000000, 0x0000000100000000)
  region size 1024K, 54 young (55296K), 5 survivors (5120K)
 Metaspace       used 58188K, committed 59712K, reserved 491520K
  class space    used 7960K, committed 8704K, reserved 425984K
}
Event: 8.446 GC heap after
{Heap after GC invocations=14 (full 0):
 garbage-first heap   total 100352K, used 42360K [0x00000000a0000000, 0x0000000100000000)
  region size 1024K, 7 young (7168K), 7 survivors (7168K)
 Metaspace       used 58188K, committed 59712K, reserved 491520K
  class space    used 7960K, committed 8704K, reserved 425984K
}
Event: 8.487 GC heap before
{Heap before GC invocations=14 (full 0):
 garbage-first heap   total 100352K, used 45432K [0x00000000a0000000, 0x0000000100000000)
  region size 1024K, 11 young (11264K), 7 survivors (7168K)
 Metaspace       used 58637K, committed 60160K, reserved 491520K
  class space    used 8021K, committed 8768K, reserved 425984K
}
Event: 8.493 GC heap after
{Heap after GC invocations=15 (full 0):
 garbage-first heap   total 100352K, used 43008K [0x00000000a0000000, 0x0000000100000000)
  region size 1024K, 1 young (1024K), 1 survivors (1024K)
 Metaspace       used 58637K, committed 60160K, reserved 491520K
  class space    used 8021K, committed 8768K, reserved 425984K
}
Event: 9.695 GC heap before
{Heap before GC invocations=16 (full 0):
 garbage-first heap   total 100352K, used 90112K [0x00000000a0000000, 0x0000000100000000)
  region size 1024K, 47 young (48128K), 1 survivors (1024K)
 Metaspace       used 65258K, committed 66944K, reserved 491520K
  class space    used 9001K, committed 9792K, reserved 425984K
}
Event: 9.700 GC heap after
{Heap after GC invocations=17 (full 0):
 garbage-first heap   total 100352K, used 44788K [0x00000000a0000000, 0x0000000100000000)
  region size 1024K, 3 young (3072K), 3 survivors (3072K)
 Metaspace       used 65258K, committed 66944K, reserved 491520K
  class space    used 9001K, committed 9792K, reserved 425984K
}
Event: 10.958 GC heap before
{Heap before GC invocations=17 (full 0):
 garbage-first heap   total 100352K, used 90868K [0x00000000a0000000, 0x0000000100000000)
  region size 1024K, 48 young (49152K), 3 survivors (3072K)
 Metaspace       used 70623K, committed 72384K, reserved 491520K
  class space    used 9841K, committed 10688K, reserved 425984K
}
Event: 10.965 GC heap after
{Heap after GC invocations=18 (full 0):
 garbage-first heap   total 100352K, used 47414K [0x00000000a0000000, 0x0000000100000000)
  region size 1024K, 6 young (6144K), 6 survivors (6144K)
 Metaspace       used 70623K, committed 72384K, reserved 491520K
  class space    used 9841K, committed 10688K, reserved 425984K
}
Event: 11.556 GC heap before
{Heap before GC invocations=18 (full 0):
 garbage-first heap   total 100352K, used 86326K [0x00000000a0000000, 0x0000000100000000)
  region size 1024K, 45 young (46080K), 6 survivors (6144K)
 Metaspace       used 71346K, committed 73088K, reserved 491520K
  class space    used 9878K, committed 10752K, reserved 425984K
}
Event: 11.564 GC heap after
{Heap after GC invocations=19 (full 0):
 garbage-first heap   total 100352K, used 51223K [0x00000000a0000000, 0x0000000100000000)
  region size 1024K, 6 young (6144K), 6 survivors (6144K)
 Metaspace       used 71346K, committed 73088K, reserved 491520K
  class space    used 9878K, committed 10752K, reserved 425984K
}
Event: 11.843 GC heap before
{Heap before GC invocations=19 (full 0):
 garbage-first heap   total 100352K, used 86039K [0x00000000a0000000, 0x0000000100000000)
  region size 1024K, 41 young (41984K), 6 survivors (6144K)
 Metaspace       used 71595K, committed 73408K, reserved 491520K
  class space    used 9879K, committed 10752K, reserved 425984K
}
Event: 11.852 GC heap after
{Heap after GC invocations=20 (full 0):
 garbage-first heap   total 100352K, used 53817K [0x00000000a0000000, 0x0000000100000000)
  region size 1024K, 4 young (4096K), 4 survivors (4096K)
 Metaspace       used 71595K, committed 73408K, reserved 491520K
  class space    used 9879K, committed 10752K, reserved 425984K
}
Event: 12.210 GC heap before
{Heap before GC invocations=21 (full 0):
 garbage-first heap   total 100352K, used 87609K [0x00000000a0000000, 0x0000000100000000)
  region size 1024K, 38 young (38912K), 4 survivors (4096K)
 Metaspace       used 71708K, committed 73472K, reserved 491520K
  class space    used 9879K, committed 10752K, reserved 425984K
}
Event: 12.214 GC heap after
{Heap after GC invocations=22 (full 0):
 garbage-first heap   total 100352K, used 54589K [0x00000000a0000000, 0x0000000100000000)
  region size 1024K, 4 young (4096K), 4 survivors (4096K)
 Metaspace       used 71708K, committed 73472K, reserved 491520K
  class space    used 9879K, committed 10752K, reserved 425984K
}

Dll operation events (3 events):
Event: 0.013 Loaded shared library C:\Program Files\Android\Android Studio\jbr\bin\java.dll
Event: 0.019 Loaded shared library C:\Program Files\Android\Android Studio\jbr\bin\zip.dll
Event: 0.865 Loaded shared library C:\Program Files\Android\Android Studio\jbr\bin\verify.dll

Deoptimization events (20 events):
Event: 12.045 Thread 0x000001dea6bf6000 Uncommon trap: trap_request=0xffffffde fr.pc=0x000001de9372fcfc relative=0x00000000000002bc
Event: 12.045 Thread 0x000001dea6bf6000 Uncommon trap: reason=class_check action=maybe_recompile pc=0x000001de9372fcfc method=java.util.concurrent.ConcurrentHashMap.get(Ljava/lang/Object;)Ljava/lang/Object; @ 93 c2
Event: 12.045 Thread 0x000001dea6bf6000 DEOPT PACKING pc=0x000001de9372fcfc sp=0x000000ddaa8fe190
Event: 12.045 Thread 0x000001dea6bf6000 DEOPT UNPACKING pc=0x000001de92e846a2 sp=0x000000ddaa8fe0e8 mode 2
Event: 12.045 Thread 0x000001dea6bf6000 Uncommon trap: trap_request=0xffffff45 fr.pc=0x000001de937568a8 relative=0x0000000000001008
Event: 12.045 Thread 0x000001dea6bf6000 Uncommon trap: reason=unstable_if action=reinterpret pc=0x000001de937568a8 method=java.util.concurrent.ConcurrentHashMap.computeIfAbsent(Ljava/lang/Object;Ljava/util/function/Function;)Ljava/lang/Object; @ 199 c2
Event: 12.045 Thread 0x000001dea6bf6000 DEOPT PACKING pc=0x000001de937568a8 sp=0x000000ddaa8fe2a0
Event: 12.045 Thread 0x000001dea6bf6000 DEOPT UNPACKING pc=0x000001de92e846a2 sp=0x000000ddaa8fe210 mode 2
Event: 12.060 Thread 0x000001dea6bf6d20 Uncommon trap: trap_request=0xffffff45 fr.pc=0x000001de93548994 relative=0x0000000000001354
Event: 12.060 Thread 0x000001dea6bf6d20 Uncommon trap: reason=unstable_if action=reinterpret pc=0x000001de93548994 method=java.util.concurrent.ConcurrentHashMap.transfer([Ljava/util/concurrent/ConcurrentHashMap$Node;[Ljava/util/concurrent/ConcurrentHashMap$Node;)V @ 347 c2
Event: 12.060 Thread 0x000001dea6bf6d20 DEOPT PACKING pc=0x000001de93548994 sp=0x000000ddaa9fdb10
Event: 12.060 Thread 0x000001dea6bf6d20 DEOPT UNPACKING pc=0x000001de92e846a2 sp=0x000000ddaa9fdaa0 mode 2
Event: 12.061 Thread 0x000001dea6bf6d20 Uncommon trap: trap_request=0xffffff45 fr.pc=0x000001de93480d4c relative=0x000000000000026c
Event: 12.061 Thread 0x000001dea6bf6d20 Uncommon trap: reason=unstable_if action=reinterpret pc=0x000001de93480d4c method=java.util.concurrent.ConcurrentHashMap.addCount(JI)V @ 171 c2
Event: 12.061 Thread 0x000001dea6bf6d20 DEOPT PACKING pc=0x000001de93480d4c sp=0x000000ddaa9fdc20
Event: 12.061 Thread 0x000001dea6bf6d20 DEOPT UNPACKING pc=0x000001de92e846a2 sp=0x000000ddaa9fdb60 mode 2
Event: 12.106 Thread 0x000001dea73a9a10 Uncommon trap: trap_request=0xfffffff4 fr.pc=0x000001de936c2be8 relative=0x0000000000000208
Event: 12.106 Thread 0x000001dea73a9a10 Uncommon trap: reason=null_check action=make_not_entrant pc=0x000001de936c2be8 method=org.gradle.tooling.internal.provider.runner.ClientBuildEventGenerator$Enabled.accept(Lorg/gradle/internal/operations/BuildOperationDescriptor;)Lorg/gradle/tooling/intern
Event: 12.106 Thread 0x000001dea73a9a10 DEOPT PACKING pc=0x000001de936c2be8 sp=0x000000ddaadfe700
Event: 12.106 Thread 0x000001dea73a9a10 DEOPT UNPACKING pc=0x000001de92e846a2 sp=0x000000ddaadfe688 mode 2

Classes loaded (20 events):
Event: 10.096 Loading class java/io/ObjectStreamClass$5
Event: 10.096 Loading class java/io/ObjectStreamClass$5 done
Event: 10.097 Loading class java/io/ObjectStreamClass$ClassDataSlot
Event: 10.097 Loading class java/io/ObjectStreamClass$ClassDataSlot done
Event: 10.104 Loading class java/io/SerialCallbackContext
Event: 10.104 Loading class java/io/SerialCallbackContext done
Event: 10.147 Loading class java/lang/invoke/SerializedLambda$1
Event: 10.147 Loading class java/lang/invoke/SerializedLambda$1 done
Event: 10.253 Loading class java/util/DualPivotQuicksort
Event: 10.254 Loading class java/util/DualPivotQuicksort done
Event: 10.318 Loading class java/util/function/LongUnaryOperator
Event: 10.318 Loading class java/util/function/LongUnaryOperator done
Event: 11.156 Loading class java/util/Collections$ReverseComparator
Event: 11.156 Loading class java/util/Collections$ReverseComparator done
Event: 11.156 Loading class java/util/Collections$ReverseComparator2
Event: 11.156 Loading class java/util/Collections$ReverseComparator2 done
Event: 11.207 Loading class java/util/LinkedList$LLSpliterator
Event: 11.207 Loading class java/util/LinkedList$LLSpliterator done
Event: 11.601 Loading class java/lang/foreign/MemorySegment
Event: 11.602 Loading class java/lang/foreign/MemorySegment done

Classes unloaded (0 events):
No events

Classes redefined (0 events):
No events

Internal exceptions (20 events):
Event: 10.099 Thread 0x000001dea5cde140 Exception <a 'java/lang/NoSuchMethodError'{0x00000000a51b6608}: static Lorg/gradle/internal/build/event/types/DefaultOperationDescriptor;.<clinit>()V> (0x00000000a51b6608) 
thrown [s\src\hotspot\share\prims\jni.cpp, line 1144]
Event: 10.100 Thread 0x000001dea5cde140 Exception <a 'java/lang/NoSuchMethodError'{0x00000000a51ba1b8}: 'long java.lang.invoke.DirectMethodHandle$Holder.invokeSpecial(java.lang.Object, java.lang.Object)'> (0x00000000a51ba1b8) 
thrown [s\src\hotspot\share\interpreter\linkResolver.cpp, line 784]
Event: 10.101 Thread 0x000001dea5cde140 Exception <a 'java/lang/NoSuchMethodError'{0x00000000a51bd858}: 'long java.lang.invoke.Invokers$Holder.invokeExact_MT(java.lang.Object, java.lang.Object)'> (0x00000000a51bd858) 
thrown [s\src\hotspot\share\interpreter\linkResolver.cpp, line 784]
Event: 10.103 Thread 0x000001dea5cde140 Exception <a 'java/lang/NoSuchMethodError'{0x00000000a5007250}: static Lorg/gradle/internal/operations/OperationIdentifier;.<clinit>()V> (0x00000000a5007250) 
thrown [s\src\hotspot\share\prims\jni.cpp, line 1144]
Event: 10.136 Thread 0x000001dea5a169c0 Exception <a 'java/lang/NoSuchMethodError'{0x00000000a4f66800}: 'void java.lang.invoke.Invokers$Holder.invokeExact_MT(java.lang.Object, java.lang.Object, java.lang.Object, java.lang.Object)'> (0x00000000a4f66800) 
thrown [s\src\hotspot\share\interpreter\linkResolver.cpp, line 784]
Event: 10.139 Thread 0x000001dea5a169c0 Exception <a 'java/lang/ClassNotFoundException'{0x00000000a4fa3dd0}: org/gradle/internal/serialize/codecs/core/ClosureCodec$BrokenScriptBeanInfo> (0x00000000a4fa3dd0) 
thrown [s\src\hotspot\share\classfile\systemDictionary.cpp, line 312]
Event: 10.139 Thread 0x000001dea5a169c0 Exception <a 'java/lang/ClassNotFoundException'{0x00000000a4fb2868}: org/gradle/internal/serialize/codecs/core/ClosureCodec$BrokenScriptCustomizer> (0x00000000a4fb2868) 
thrown [s\src\hotspot\share\classfile\systemDictionary.cpp, line 312]
Event: 10.141 Thread 0x000001dea5a169c0 Exception <a 'java/lang/ClassNotFoundException'{0x00000000a4fcc7a8}: org/gradle/api/invocation/GradleBeanInfo> (0x00000000a4fcc7a8) 
thrown [s\src\hotspot\share\classfile\systemDictionary.cpp, line 312]
Event: 10.142 Thread 0x000001dea5a169c0 Exception <a 'java/lang/ClassNotFoundException'{0x00000000a4fd86d8}: org/gradle/api/invocation/GradleCustomizer> (0x00000000a4fd86d8) 
thrown [s\src\hotspot\share\classfile\systemDictionary.cpp, line 312]
Event: 10.144 Thread 0x000001dea5a169c0 Exception <a 'java/lang/NoSuchMethodError'{0x00000000a4ffad80}: 'void java.lang.invoke.Invokers$Holder.invokeExact_MT(java.lang.Object, java.lang.Object, int, java.lang.Object)'> (0x00000000a4ffad80) 
thrown [s\src\hotspot\share\interpreter\linkResolver.cpp, line 784]
Event: 10.149 Thread 0x000001dea5a169c0 Exception <a 'java/lang/NoSuchMethodError'{0x00000000a4e2c898}: 'void java.lang.invoke.Invokers$Holder.invokeExact_MT(java.lang.Object, java.lang.Object, long, java.lang.Object)'> (0x00000000a4e2c898) 
thrown [s\src\hotspot\share\interpreter\linkResolver.cpp, line 784]
Event: 10.319 Thread 0x000001dea5a169c0 Exception <a 'java/lang/NoSuchMethodError'{0x00000000a4786ac0}: 'long java.lang.invoke.DirectMethodHandle$Holder.invokeStatic(java.lang.Object, long)'> (0x00000000a4786ac0) 
thrown [s\src\hotspot\share\interpreter\linkResolver.cpp, line 784]
Event: 10.341 Thread 0x000001dea5a169c0 Implicit null exception at 0x000001de93669ac3 to 0x000001de93669dfc
Event: 10.474 Thread 0x000001dea5a169c0 Exception <a 'java/lang/NoSuchMethodError'{0x00000000a409d6b8}: 'java.lang.Object java.lang.invoke.DirectMethodHandle$Holder.invokeVirtual(java.lang.Object, java.lang.Object, java.lang.Object, java.lang.Object, java.lang.Object, java.lang.Object, java.lang.Object, java.lang.Object, java.lang.Object, java.lang.Object, java.lang.Object, java.lang.Object, java.lang.Object, java.lang.Object, java.lang.Object, java.lang.Object, java.lang.Object)'> (0x00000000a409d6b8) 
thrown [s\src\hotspot\share\interpreter\li
Event: 10.474 Thread 0x000001dea5a169c0 Exception <a 'java/lang/NoSuchMethodError'{0x00000000a40a36c0}: 'java.lang.Object java.lang.invoke.DirectMethodHandle$Holder.invokeSpecial(java.lang.Object, java.lang.Object, java.lang.Object, java.lang.Object, java.lang.Object, java.lang.Object, java.lang.Object, java.lang.Object, java.lang.Object, java.lang.Object, java.lang.Object, java.lang.Object, java.lang.Object, java.lang.Object, java.lang.Object, java.lang.Object, java.lang.Object, java.lang.Object)'> (0x00000000a40a36c0) 
thrown [s\src\hotspot\sh
Event: 10.474 Thread 0x000001dea5a169c0 Exception <a 'java/lang/NoSuchMethodError'{0x00000000a40a8c18}: 'java.lang.Object java.lang.invoke.DelegatingMethodHandle$Holder.reinvoke_L(java.lang.Object, java.lang.Object, java.lang.Object, java.lang.Object, java.lang.Object, java.lang.Object, java.lang.Object, java.lang.Object, java.lang.Object, java.lang.Object, java.lang.Object, java.lang.Object, java.lang.Object, java.lang.Object, java.lang.Object, java.lang.Object, java.lang.Object)'> (0x00000000a40a8c18) 
thrown [s\src\hotspot\share\interpreter\l
Event: 10.639 Thread 0x000001dea5a169c0 Exception <a 'java/lang/NoSuchMethodError'{0x00000000a3bb4f68}: 'int java.lang.invoke.DirectMethodHandle$Holder.invokeSpecialIFC(java.lang.Object, java.lang.Object, java.lang.Object)'> (0x00000000a3bb4f68) 
thrown [s\src\hotspot\share\interpreter\linkResolver.cpp, line 784]
Event: 10.737 Thread 0x000001dea5a169c0 Exception <a 'java/lang/NoSuchMethodError'{0x00000000a3729778}: 'void java.lang.invoke.DirectMethodHandle$Holder.invokeStatic(java.lang.Object, java.lang.Object, java.lang.Object, int, java.lang.Object)'> (0x00000000a3729778) 
thrown [s\src\hotspot\share\interpreter\linkResolver.cpp, line 784]
Event: 11.208 Thread 0x000001dea5a169c0 Exception <a 'java/lang/IncompatibleClassChangeError'{0x00000000a5752528}: Found class java.lang.Object, but interface was expected> (0x00000000a5752528) 
thrown [s\src\hotspot\share\interpreter\linkResolver.cpp, line 851]
Event: 12.106 Thread 0x000001dea73a9a10 Implicit null exception at 0x000001de936c2a32 to 0x000001de936c2bdc

ZGC Phase Switch (0 events):
No events

VM Operations (20 events):
Event: 10.752 Executing VM operation: Cleanup
Event: 10.752 Executing VM operation: Cleanup done
Event: 10.958 Executing VM operation: G1CollectForAllocation (G1 Evacuation Pause)
Event: 10.965 Executing VM operation: G1CollectForAllocation (G1 Evacuation Pause) done
Event: 11.112 Executing VM operation: HandshakeAllThreads (Deoptimize)
Event: 11.112 Executing VM operation: HandshakeAllThreads (Deoptimize) done
Event: 11.225 Executing VM operation: ICBufferFull
Event: 11.225 Executing VM operation: ICBufferFull done
Event: 11.366 Executing VM operation: ICBufferFull
Event: 11.366 Executing VM operation: ICBufferFull done
Event: 11.555 Executing VM operation: G1CollectForAllocation (G1 Evacuation Pause)
Event: 11.564 Executing VM operation: G1CollectForAllocation (G1 Evacuation Pause) done
Event: 11.843 Executing VM operation: G1CollectForAllocation (G1 Evacuation Pause)
Event: 11.852 Executing VM operation: G1CollectForAllocation (G1 Evacuation Pause) done
Event: 11.900 Executing VM operation: G1PauseRemark
Event: 11.908 Executing VM operation: G1PauseRemark done
Event: 11.934 Executing VM operation: G1PauseCleanup
Event: 11.934 Executing VM operation: G1PauseCleanup done
Event: 12.209 Executing VM operation: G1CollectForAllocation (G1 Evacuation Pause)
Event: 12.214 Executing VM operation: G1CollectForAllocation (G1 Evacuation Pause) done

Memory protections (0 events):
No events

Nmethod flushes (20 events):
Event: 11.906 Thread 0x000001de9fa4caa0 flushing  nmethod 0x000001de8c27b710
Event: 11.906 Thread 0x000001de9fa4caa0 flushing  nmethod 0x000001de8c27c190
Event: 11.906 Thread 0x000001de9fa4caa0 flushing  nmethod 0x000001de8bbf4290
Event: 11.906 Thread 0x000001de9fa4caa0 flushing  nmethod 0x000001de8bc48190
Event: 11.906 Thread 0x000001de9fa4caa0 flushing  nmethod 0x000001de8bc94d90
Event: 11.906 Thread 0x000001de9fa4caa0 flushing  nmethod 0x000001de8bc95310
Event: 11.906 Thread 0x000001de9fa4caa0 flushing  nmethod 0x000001de8bda5c90
Event: 11.906 Thread 0x000001de9fa4caa0 flushing  nmethod 0x000001de8bda6d90
Event: 11.906 Thread 0x000001de9fa4caa0 flushing  nmethod 0x000001de8be1d810
Event: 11.906 Thread 0x000001de9fa4caa0 flushing  nmethod 0x000001de8be9ba10
Event: 11.906 Thread 0x000001de9fa4caa0 flushing  nmethod 0x000001de8bf1f510
Event: 11.906 Thread 0x000001de9fa4caa0 flushing  nmethod 0x000001de8bf61310
Event: 11.906 Thread 0x000001de9fa4caa0 flushing  nmethod 0x000001de8bf6df10
Event: 11.906 Thread 0x000001de9fa4caa0 flushing  nmethod 0x000001de8bffdd90
Event: 11.906 Thread 0x000001de9fa4caa0 flushing  nmethod 0x000001de8c092810
Event: 11.906 Thread 0x000001de9fa4caa0 flushing  nmethod 0x000001de8c093210
Event: 11.906 Thread 0x000001de9fa4caa0 flushing  nmethod 0x000001de8c096610
Event: 11.906 Thread 0x000001de9fa4caa0 flushing  nmethod 0x000001de8c0f4410
Event: 11.906 Thread 0x000001de9fa4caa0 flushing  nmethod 0x000001de8c17ae10
Event: 11.906 Thread 0x000001de9fa4caa0 flushing  nmethod 0x000001de8c17cb10

Events (20 events):
Event: 11.326 Thread 0x000001dea5a169c0 Thread added: 0x000001dea6bf2b80
Event: 11.329 Thread 0x000001dea5a169c0 Thread added: 0x000001dea6bf0420
Event: 11.332 Thread 0x000001dea5a169c0 Thread added: 0x000001dea6bf0ab0
Event: 11.334 Thread 0x000001dea5a169c0 Thread added: 0x000001dea6befd90
Event: 11.337 Thread 0x000001dea5a169c0 Thread added: 0x000001dea6bef700
Event: 11.339 Thread 0x000001dea5a169c0 Thread added: 0x000001dea6bf3210
Event: 11.343 Thread 0x000001dea5a169c0 Thread added: 0x000001dea6bf38a0
Event: 11.347 Thread 0x000001dea5a169c0 Thread added: 0x000001dea6bf3f30
Event: 11.350 Thread 0x000001dea5a169c0 Thread added: 0x000001dea6bf45c0
Event: 11.667 Thread 0x000001dea5a169c0 Thread added: 0x000001dea6bf4c50
Event: 11.667 Thread 0x000001dea5a169c0 Thread added: 0x000001dea6bf52e0
Event: 11.667 Thread 0x000001dea5a169c0 Thread added: 0x000001dea6bf5970
Event: 11.668 Thread 0x000001dea5a169c0 Thread added: 0x000001dea6bf6000
Event: 11.668 Thread 0x000001dea5a169c0 Thread added: 0x000001dea6bf6d20
Event: 11.669 Thread 0x000001dea5a169c0 Thread added: 0x000001dea6bf6690
Event: 11.669 Thread 0x000001dea5a169c0 Thread added: 0x000001dea73a8cf0
Event: 11.670 Thread 0x000001dea5a169c0 Thread added: 0x000001dea73a9380
Event: 11.670 Thread 0x000001dea5a169c0 Thread added: 0x000001dea73a9a10
Event: 11.670 Thread 0x000001dea5a169c0 Thread added: 0x000001dea73aa730
Event: 11.671 Thread 0x000001dea5a169c0 Thread added: 0x000001dea73a72b0


Dynamic libraries:
0x00007ff715cb0000 - 0x00007ff715cba000 	C:\Program Files\Android\Android Studio\jbr\bin\java.exe
0x00007ffaa5980000 - 0x00007ffaa5be7000 	C:\WINDOWS\SYSTEM32\ntdll.dll
0x00007ffaa38e0000 - 0x00007ffaa39a9000 	C:\WINDOWS\System32\KERNEL32.DLL
0x00007ffaa3130000 - 0x00007ffaa3520000 	C:\WINDOWS\System32\KERNELBASE.dll
0x00007ffaa3530000 - 0x00007ffaa367b000 	C:\WINDOWS\System32\ucrtbase.dll
0x00007ffa97170000 - 0x00007ffa9718b000 	C:\Program Files\Android\Android Studio\jbr\bin\VCRUNTIME140.dll
0x00007ffa87460000 - 0x00007ffa87478000 	C:\Program Files\Android\Android Studio\jbr\bin\jli.dll
0x00007ffaa5710000 - 0x00007ffaa58d5000 	C:\WINDOWS\System32\USER32.dll
0x00007ffaa2f00000 - 0x00007ffaa2f27000 	C:\WINDOWS\System32\win32u.dll
0x00007ffaa4ca0000 - 0x00007ffaa4ccb000 	C:\WINDOWS\System32\GDI32.dll
0x00007ffaa2f30000 - 0x00007ffaa3068000 	C:\WINDOWS\System32\gdi32full.dll
0x00007ffaa2e50000 - 0x00007ffaa2ef3000 	C:\WINDOWS\System32\msvcp_win.dll
0x00007ffa8dac0000 - 0x00007ffa8dd5a000 	C:\WINDOWS\WinSxS\amd64_microsoft.windows.common-controls_6595b64144ccf1df_6.0.26100.4768_none_3e0c112ce331287c\COMCTL32.dll
0x00007ffaa4f00000 - 0x00007ffaa4fa9000 	C:\WINDOWS\System32\msvcrt.dll
0x00007ffaa4cd0000 - 0x00007ffaa4cff000 	C:\WINDOWS\System32\IMM32.DLL
0x000000005f570000 - 0x000000005f57c000 	C:\Program Files (x86)\360\Total Security\safemon\SafeWrapper.dll
0x00007ffaa3820000 - 0x00007ffaa38d4000 	C:\WINDOWS\System32\ADVAPI32.dll
0x00007ffaa5080000 - 0x00007ffaa5126000 	C:\WINDOWS\System32\sechost.dll
0x00007ffaa41c0000 - 0x00007ffaa42d8000 	C:\WINDOWS\System32\RPCRT4.dll
0x00007ffa8c440000 - 0x00007ffa8c4ec000 	C:\Program Files (x86)\360\Total Security\safemon\libzdtp64.dll
0x00007ffaa4520000 - 0x00007ffaa4c6d000 	C:\WINDOWS\System32\SHELL32.dll
0x00007ffaa2ab0000 - 0x00007ffaa2c23000 	C:\WINDOWS\System32\wintypes.dll
0x00007ffaa3c90000 - 0x00007ffaa4015000 	C:\WINDOWS\System32\combase.dll
0x00007ffaa56a0000 - 0x00007ffaa570a000 	C:\WINDOWS\System32\SHLWAPI.dll
0x00007ffaa2390000 - 0x00007ffaa239b000 	C:\WINDOWS\SYSTEM32\VERSION.dll
0x00007ffa9dd90000 - 0x00007ffa9dd9c000 	C:\Program Files\Android\Android Studio\jbr\bin\vcruntime140_1.dll
0x00007ffa16810000 - 0x00007ffa1689d000 	C:\Program Files\Android\Android Studio\jbr\bin\msvcp140.dll
0x00007ffa1a680000 - 0x00007ffa1b30e000 	C:\Program Files\Android\Android Studio\jbr\bin\server\jvm.dll
0x00007ffaa5610000 - 0x00007ffaa5684000 	C:\WINDOWS\System32\WS2_32.dll
0x00007ffa9b6c0000 - 0x00007ffa9b6f5000 	C:\WINDOWS\SYSTEM32\WINMM.dll
0x00007ffaa2910000 - 0x00007ffaa296e000 	C:\WINDOWS\SYSTEM32\POWRPROF.dll
0x00007ffaa28f0000 - 0x00007ffaa2904000 	C:\WINDOWS\SYSTEM32\UMPDC.dll
0x00007ffaa17c0000 - 0x00007ffaa17db000 	C:\WINDOWS\SYSTEM32\kernel.appcore.dll
0x00007ffa9d1a0000 - 0x00007ffa9d1aa000 	C:\Program Files\Android\Android Studio\jbr\bin\jimage.dll
0x00007ffa9f5f0000 - 0x00007ffa9f831000 	C:\WINDOWS\SYSTEM32\DBGHELP.DLL
0x00007ffaa3ba0000 - 0x00007ffaa3c80000 	C:\WINDOWS\System32\OLEAUT32.dll
0x00007ffa8a2e0000 - 0x00007ffa8a323000 	C:\WINDOWS\SYSTEM32\dbgcore.DLL
0x00007ffaa2db0000 - 0x00007ffaa2e49000 	C:\WINDOWS\System32\bcryptPrimitives.dll
0x00007ffa950c0000 - 0x00007ffa950ce000 	C:\Program Files\Android\Android Studio\jbr\bin\instrument.dll
0x00007ffa97100000 - 0x00007ffa97120000 	C:\Program Files\Android\Android Studio\jbr\bin\java.dll
0x00007ffa96f30000 - 0x00007ffa96f48000 	C:\Program Files\Android\Android Studio\jbr\bin\zip.dll
0x00007ffaa0640000 - 0x00007ffaa0e9f000 	C:\WINDOWS\SYSTEM32\windows.storage.dll
0x00007ffaa40c0000 - 0x00007ffaa41b5000 	C:\WINDOWS\System32\SHCORE.dll
0x00007ffaa29d0000 - 0x00007ffaa29f9000 	C:\WINDOWS\SYSTEM32\profapi.dll
0x00007ffa9d160000 - 0x00007ffa9d170000 	C:\Program Files\Android\Android Studio\jbr\bin\net.dll
0x00007ffa98b70000 - 0x00007ffa98c8e000 	C:\WINDOWS\SYSTEM32\WINHTTP.dll
0x00007ffaa1d50000 - 0x00007ffaa1dbb000 	C:\WINDOWS\system32\mswsock.dll
0x00007ffa96f10000 - 0x00007ffa96f26000 	C:\Program Files\Android\Android Studio\jbr\bin\nio.dll
0x00007ffa95490000 - 0x00007ffa954a0000 	C:\Program Files\Android\Android Studio\jbr\bin\verify.dll
0x00007ffa94830000 - 0x00007ffa94857000 	C:\Users\ASUS\.gradle\native\1def1411415f61bf3af743bc5b6707747c0891f09f0c88961ee8f79bc544acac\windows-amd64\native-platform.dll
0x000000005e490000 - 0x000000005e503000 	C:\Users\ASUS\.gradle\native\0.2.5\x86_64-windows-gnu\gradle-fileevents.dll
0x00007ffa975c0000 - 0x00007ffa975c9000 	C:\Program Files\Android\Android Studio\jbr\bin\management.dll
0x00007ffa97160000 - 0x00007ffa9716b000 	C:\Program Files\Android\Android Studio\jbr\bin\management_ext.dll
0x00007ffaa5690000 - 0x00007ffaa5698000 	C:\WINDOWS\System32\PSAPI.DLL
0x00007ffaa2010000 - 0x00007ffaa202b000 	C:\WINDOWS\SYSTEM32\CRYPTSP.dll
0x00007ffaa1720000 - 0x00007ffaa175b000 	C:\WINDOWS\system32\rsaenh.dll
0x00007ffaa1df0000 - 0x00007ffaa1e1b000 	C:\WINDOWS\SYSTEM32\USERENV.dll
0x00007ffaa29a0000 - 0x00007ffaa29c6000 	C:\WINDOWS\SYSTEM32\bcrypt.dll
0x00007ffaa2030000 - 0x00007ffaa203c000 	C:\WINDOWS\SYSTEM32\CRYPTBASE.dll
0x00007ffaa1330000 - 0x00007ffaa1363000 	C:\WINDOWS\SYSTEM32\IPHLPAPI.DLL
0x00007ffaa3710000 - 0x00007ffaa371a000 	C:\WINDOWS\System32\NSI.dll
0x00007ffa986d0000 - 0x00007ffa986d9000 	C:\Program Files\Android\Android Studio\jbr\bin\extnet.dll
0x00007ffa54ad0000 - 0x00007ffa54ad8000 	C:\WINDOWS\system32\wshunix.dll
0x000000005e380000 - 0x000000005e3f3000 	C:\Users\ASUS\AppData\Local\Temp\native-platform2056186871623581346dir\gradle-fileevents.dll

dbghelp: loaded successfully - version: 4.0.5 - missing functions: none
symbol engine: initialized successfully - sym options: 0x614 - pdb path: .;C:\Program Files\Android\Android Studio\jbr\bin;C:\WINDOWS\SYSTEM32;C:\WINDOWS\WinSxS\amd64_microsoft.windows.common-controls_6595b64144ccf1df_6.0.26100.4768_none_3e0c112ce331287c;C:\Program Files (x86)\360\Total Security\safemon;C:\Program Files\Android\Android Studio\jbr\bin\server;C:\Users\ASUS\.gradle\native\1def1411415f61bf3af743bc5b6707747c0891f09f0c88961ee8f79bc544acac\windows-amd64;C:\Users\ASUS\.gradle\native\0.2.5\x86_64-windows-gnu;C:\Users\ASUS\AppData\Local\Temp\native-platform2056186871623581346dir

VM Arguments:
jvm_args: --add-opens=java.base/java.lang=ALL-UNNAMED --add-opens=java.base/java.lang.invoke=ALL-UNNAMED --add-opens=java.base/java.util=ALL-UNNAMED --add-opens=java.prefs/java.util.prefs=ALL-UNNAMED --add-exports=jdk.compiler/com.sun.tools.javac.api=ALL-UNNAMED --add-exports=jdk.compiler/com.sun.tools.javac.util=ALL-UNNAMED --add-opens=java.base/java.util=ALL-UNNAMED --add-opens=java.prefs/java.util.prefs=ALL-UNNAMED --add-opens=java.base/java.nio.charset=ALL-UNNAMED --add-opens=java.base/java.net=ALL-UNNAMED --add-opens=java.base/java.util.concurrent.atomic=ALL-UNNAMED --add-opens=java.xml/javax.xml.namespace=ALL-UNNAMED -XX:MaxMetaspaceSize=512m -Xmx1536m -Dfile.encoding=UTF-8 -Duser.country=RU -Duser.language=ru -Duser.variant -javaagent:C:\Users\ASUS\.gradle\wrapper\dists\gradle-8.12-bin\cetblhg4pflnnks72fxwobvgv\gradle-8.12\lib\agents\gradle-instrumentation-agent-8.12.jar 
java_command: org.gradle.launcher.daemon.bootstrap.GradleDaemon 8.12
java_class_path (initial): C:\Users\ASUS\.gradle\wrapper\dists\gradle-8.12-bin\cetblhg4pflnnks72fxwobvgv\gradle-8.12\lib\gradle-daemon-main-8.12.jar
Launcher Type: SUN_STANDARD

[Global flags]
     intx CICompilerCount                          = 4                                         {product} {ergonomic}
   size_t CompressedClassSpaceSize                 = 436207616                                 {product} {ergonomic}
     uint ConcGCThreads                            = 3                                         {product} {ergonomic}
     uint G1ConcRefinementThreads                  = 10                                        {product} {ergonomic}
   size_t G1HeapRegionSize                         = 1048576                                   {product} {ergonomic}
    uintx GCDrainStackTargetSize                   = 64                                        {product} {ergonomic}
   size_t InitialHeapSize                          = 125829120                                 {product} {ergonomic}
   size_t MarkStackSize                            = 4194304                                   {product} {ergonomic}
   size_t MaxHeapSize                              = 1610612736                                {product} {command line}
   size_t MaxMetaspaceSize                         = 536870912                                 {product} {command line}
   size_t MaxNewSize                               = 965738496                                 {product} {ergonomic}
   size_t MinHeapDeltaBytes                        = 1048576                                   {product} {ergonomic}
   size_t MinHeapSize                              = 8388608                                   {product} {ergonomic}
    uintx NonNMethodCodeHeapSize                   = 5839372                                {pd product} {ergonomic}
    uintx NonProfiledCodeHeapSize                  = 122909434                              {pd product} {ergonomic}
    uintx ProfiledCodeHeapSize                     = 122909434                              {pd product} {ergonomic}
    uintx ReservedCodeCacheSize                    = 251658240                              {pd product} {ergonomic}
     bool SegmentedCodeCache                       = true                                      {product} {ergonomic}
   size_t SoftMaxHeapSize                          = 1610612736                             {manageable} {ergonomic}
     bool UseCompressedOops                        = true                           {product lp64_product} {ergonomic}
     bool UseG1GC                                  = true                                      {product} {ergonomic}
     bool UseLargePagesIndividualAllocation        = false                                  {pd product} {ergonomic}

Logging:
Log output configuration:
 #0: stdout all=warning uptime,level,tags foldmultilines=false
 #1: stderr all=off uptime,level,tags foldmultilines=false

Environment Variables:
PATH=C:\Program Files\Common Files\Oracle\Java\javapath;C:\WINDOWS\system32;C:\WINDOWS;C:\WINDOWS\System32\Wbem;C:\WINDOWS\System32\WindowsPowerShell\v1.0\;C:\WINDOWS\System32\OpenSSH\;C:\ProgramData\chocolatey\bin;C:\Program Files\dotnet\;C:\Program Files (x86)\dotnet\;C:\Program Files\nodejs\;C:\Program Files\Git\cmd;C:\Users\ASUS\AppData\Local\Programs\Python\Python313\Scripts\;C:\Users\ASUS\AppData\Local\Programs\Python\Python313\;C:\Users\ASUS\AppData\Local\Programs\Python\Launcher\;C:\Users\ASUS\AppData\Local\Microsoft\WindowsApps;C:\Users\ASUS\AppData\Local\Programs\Microsoft VS Code\bin;C:\Users\ASUS\Downloads\php-8.3.22-Win32-vs16-x64;C:\Users\ASUS\AppData\Roaming\npm
USERNAME=ASUS
OS=Windows_NT
PROCESSOR_IDENTIFIER=AMD64 Family 23 Model 96 Stepping 1, AuthenticAMD
TMP=C:\Users\ASUS\AppData\Local\Temp
TEMP=C:\Users\ASUS\AppData\Local\Temp




Periodic native trim disabled

JNI global refs:
JNI global refs: 30, weak refs: 1

JNI global refs memory usage: 835, weak refs: 833

Process memory usage:
Resident Set Size: 342768K (4% of 7781652K total physical memory with 1122988K free physical memory)

OOME stack traces (most recent first):
Classloader memory used:
Loader org.gradle.internal.classloader.VisitableURLClassLoader                         : 36419K
Loader bootstrap                                                                       : 23278K
Loader org.gradle.initialization.MixInLegacyTypesClassLoader                           : 10998K
Loader jdk.internal.loader.ClassLoaders$PlatformClassLoader                            : 527K
Loader jdk.internal.loader.ClassLoaders$AppClassLoader                                 : 231K
Loader org.gradle.groovy.scripts.internal.DefaultScriptCompilationHandler$ScriptClassLoader: 100200B
Loader org.gradle.internal.classloader.VisitableURLClassLoader                         : 71656B
Loader jdk.internal.reflect.DelegatingClassLoader                                      : 68360B
Loader org.gradle.internal.classloader.VisitableURLClassLoader$InstrumentingVisitableURLClassLoader: 18672B
Loader org.codehaus.groovy.runtime.callsite.CallSiteClassLoader                        : 10112B

Classes loaded by more than one classloader:
Class Program                                                                         : loaded 3 times (x 70B)
Class org.gradle.internal.classloader.ClassLoaderHierarchy                            : loaded 2 times (x 68B)
Class org.gradle.api.internal.classpath.ManifestUtil                                  : loaded 2 times (x 69B)
Class org.gradle.internal.classloader.DefaultClassLoaderFactory                       : loaded 2 times (x 80B)
Class org.gradle.internal.classloader.ClassLoaderVisitor                              : loaded 2 times (x 74B)
Class org.gradle.api.internal.classpath.EffectiveClassPath                            : loaded 2 times (x 88B)
Class org.gradle.api.internal.DefaultClassPathProvider                                : loaded 2 times (x 74B)
Class [Lorg.gradle.api.internal.ClassPathProvider;                                    : loaded 2 times (x 67B)
Class org.gradle.api.internal.ClassPathProvider                                       : loaded 2 times (x 68B)
Class org.gradle.internal.service.UnknownServiceException                             : loaded 2 times (x 81B)
Class org.gradle.internal.classpath.TransformedClassPath                              : loaded 2 times (x 94B)
Class org.gradle.internal.classloader.InstrumentingClassLoader                        : loaded 2 times (x 68B)
Class org.gradle.internal.service.ServiceLocator                                      : loaded 2 times (x 68B)
Class org.gradle.internal.InternalTransformer                                         : loaded 2 times (x 68B)
Class org.gradle.internal.classloader.ClasspathUtil$1                                 : loaded 2 times (x 74B)
Class org.gradle.api.internal.classpath.DefaultModuleRegistry$DefaultModule           : loaded 2 times (x 84B)
Class org.gradle.api.internal.classpath.Module                                        : loaded 2 times (x 68B)
Class org.gradle.api.internal.classpath.UnknownModuleException                        : loaded 2 times (x 80B)
Class ijKotlinCoroutineJvmDebugInit1_6pd8bykokncmlvqjhm5zo12gr$_run_closure1          : loaded 2 times (x 137B)
Class org.gradle.api.internal.DefaultClassPathRegistry                                : loaded 2 times (x 74B)
Class org.gradle.api.internal.ClassPathRegistry                                       : loaded 2 times (x 68B)
Class org.gradle.internal.classpath.DefaultClassPath$ImmutableUniqueList              : loaded 2 times (x 197B)
Class org.gradle.internal.classloader.FilteringClassLoader                            : loaded 2 times (x 103B)
Class Settings_gradle$1                                                               : loaded 2 times (x 72B)
Class org.gradle.internal.classpath.ClassPath                                         : loaded 2 times (x 68B)
Class org.gradle.api.UncheckedIOException                                             : loaded 2 times (x 80B)
Class org.gradle.internal.installation.GradleInstallation$1                           : loaded 2 times (x 73B)
Class org.gradle.api.internal.classpath.ModuleRegistry                                : loaded 2 times (x 68B)
Class org.gradle.api.internal.classpath.DefaultModuleRegistry                         : loaded 2 times (x 84B)
Class org.gradle.internal.service.ServiceLookupException                              : loaded 2 times (x 80B)
Class org.gradle.internal.classloader.ClassLoaderFactory                              : loaded 2 times (x 68B)
Class org.gradle.internal.service.CachingServiceLocator                               : loaded 2 times (x 80B)
Class org.gradle.internal.classloader.ClasspathUtil                                   : loaded 2 times (x 69B)
Class org.gradle.api.specs.Spec                                                       : loaded 2 times (x 68B)
Class org.gradle.internal.classloader.VisitableURLClassLoader$InstrumentingVisitableURLClassLoader: loaded 2 times (x 121B)
Class org.gradle.internal.classloader.VisitableURLClassLoader$Spec                    : loaded 2 times (x 72B)
Class org.gradle.internal.classpath.DefaultClassPath                                  : loaded 2 times (x 88B)
Class org.gradle.internal.classloader.ClassLoaderSpec                                 : loaded 2 times (x 69B)
Class Settings_gradle$1$1                                                             : loaded 2 times (x 72B)
Class org.gradle.internal.classloader.VisitableURLClassLoader                         : loaded 2 times (x 115B)
Class Settings_gradle                                                                 : loaded 2 times (x 126B)
Class org.gradle.internal.Cast                                                        : loaded 2 times (x 69B)
Class org.gradle.api.Action                                                           : loaded 2 times (x 68B)
Class ijJvmDebugger1_67j0rdhc5f3pdfpbc552lu4k0                                        : loaded 2 times (x 177B)
Class org.gradle.internal.classpath.DefaultClassPath$ImmutableUniqueList$Builder      : loaded 2 times (x 73B)
Class org.gradle.api.GradleException                                                  : loaded 2 times (x 80B)
Class org.gradle.internal.IoActions                                                   : loaded 2 times (x 69B)
Class org.gradle.internal.classloader.SystemClassLoaderSpec                           : loaded 2 times (x 69B)
Class ijJvmDebugger1_67j0rdhc5f3pdfpbc552lu4k0$_run_closure1                          : loaded 2 times (x 137B)
Class org.gradle.api.internal.classpath.GlobalCacheRootsProvider                      : loaded 2 times (x 68B)
Class org.gradle.internal.installation.CurrentGradleInstallationLocator               : loaded 2 times (x 69B)
Class org.gradle.internal.service.DefaultServiceLocator                               : loaded 2 times (x 81B)
Class ijKotlinCoroutineJvmDebugInit1_6pd8bykokncmlvqjhm5zo12gr                        : loaded 2 times (x 177B)
Class org.gradle.internal.installation.CurrentGradleInstallation                      : loaded 2 times (x 71B)
Class org.gradle.util.internal.GUtil                                                  : loaded 2 times (x 69B)
Class org.gradle.internal.installation.GradleInstallation                             : loaded 2 times (x 73B)

---------------  S Y S T E M  ---------------

OS:
 Windows 11 , 64 bit Build 26100 (10.0.26100.4768)
OS uptime: 0 days 1:02 hours

CPU: total 12 (initial active 12) (12 cores per cpu, 2 threads per core) family 23 model 96 stepping 1 microcode 0x8600106, cx8, cmov, fxsr, ht, mmx, 3dnowpref, sse, sse2, sse3, ssse3, sse4a, sse4.1, sse4.2, popcnt, lzcnt, tsc, tscinvbit, avx, avx2, aes, clmul, bmi1, bmi2, adx, sha, fma, vzeroupper, clflush, clflushopt, rdtscp, rdpid, f16c
Processor Information for the first 12 processors :
  Max Mhz: 3001, Current Mhz: 3001, Mhz Limit: 3001

Memory: 4k page, system-wide physical 7599M (1095M free)
TotalPageFile size 11311M (AvailPageFile size 0M)
current process WorkingSet (physical memory assigned to process): 334M, peak: 336M
current process commit charge ("private bytes"): 373M, peak: 376M

vm_info: OpenJDK 64-Bit Server VM (21.0.7+-13880790-b1038.58) for windows-amd64 JRE (21.0.7+-13880790-b1038.58), built on 2025-08-04T20:56:21Z by "builder" with MS VC++ 16.10 / 16.11 (VS2019)

END.
